Archive member included to satisfy reference by file (symbol)

c:/siliconlabs/simplicitystudio/v5/developer/toolchains/gnu_arm/7.2_2017q4/bin/../lib/gcc/arm-none-eabi/7.2.1/../../../../arm-none-eabi/lib/thumb/v7-m\libc_nano.a(lib_a-abs.o)
                              ./Drivers/segmentlcd.o (abs)
c:/siliconlabs/simplicitystudio/v5/developer/toolchains/gnu_arm/7.2_2017q4/bin/../lib/gcc/arm-none-eabi/7.2.1/../../../../arm-none-eabi/lib/thumb/v7-m\libc_nano.a(lib_a-exit.o)
                              c:/siliconlabs/simplicitystudio/v5/developer/toolchains/gnu_arm/7.2_2017q4/bin/../lib/gcc/arm-none-eabi/7.2.1/../../../../arm-none-eabi/lib/thumb/v7-m/crt0.o (exit)
c:/siliconlabs/simplicitystudio/v5/developer/toolchains/gnu_arm/7.2_2017q4/bin/../lib/gcc/arm-none-eabi/7.2.1/../../../../arm-none-eabi/lib/thumb/v7-m\libc_nano.a(lib_a-impure.o)
                              c:/siliconlabs/simplicitystudio/v5/developer/toolchains/gnu_arm/7.2_2017q4/bin/../lib/gcc/arm-none-eabi/7.2.1/../../../../arm-none-eabi/lib/thumb/v7-m\libc_nano.a(lib_a-exit.o) (_global_impure_ptr)
c:/siliconlabs/simplicitystudio/v5/developer/toolchains/gnu_arm/7.2_2017q4/bin/../lib/gcc/arm-none-eabi/7.2.1/../../../../arm-none-eabi/lib/thumb/v7-m\libc_nano.a(lib_a-init.o)
                              c:/siliconlabs/simplicitystudio/v5/developer/toolchains/gnu_arm/7.2_2017q4/bin/../lib/gcc/arm-none-eabi/7.2.1/../../../../arm-none-eabi/lib/thumb/v7-m/crt0.o (__libc_init_array)
c:/siliconlabs/simplicitystudio/v5/developer/toolchains/gnu_arm/7.2_2017q4/bin/../lib/gcc/arm-none-eabi/7.2.1/../../../../arm-none-eabi/lib/thumb/v7-m\libc_nano.a(lib_a-memset.o)
                              c:/siliconlabs/simplicitystudio/v5/developer/toolchains/gnu_arm/7.2_2017q4/bin/../lib/gcc/arm-none-eabi/7.2.1/../../../../arm-none-eabi/lib/thumb/v7-m/crt0.o (memset)
c:/siliconlabs/simplicitystudio/v5/developer/toolchains/gnu_arm/7.2_2017q4/bin/../lib/gcc/arm-none-eabi/7.2.1/../../../../arm-none-eabi/lib/thumb/v7-m\libc_nano.a(lib_a-strlen.o)
                              ./Drivers/segmentlcd.o (strlen)
c:/siliconlabs/simplicitystudio/v5/developer/toolchains/gnu_arm/7.2_2017q4/bin/../lib/gcc/arm-none-eabi/7.2.1/../../../../arm-none-eabi/lib/thumb/v7-m\libnosys.a(_exit.o)
                              c:/siliconlabs/simplicitystudio/v5/developer/toolchains/gnu_arm/7.2_2017q4/bin/../lib/gcc/arm-none-eabi/7.2.1/../../../../arm-none-eabi/lib/thumb/v7-m\libc_nano.a(lib_a-exit.o) (_exit)

Allocating common symbols
Common symbol       size              file

msTicks             0x4               ./src/main.o

Discarded input sections

 .text          0x00000000        0x0 c:/siliconlabs/simplicitystudio/v5/developer/toolchains/gnu_arm/7.2_2017q4/bin/../lib/gcc/arm-none-eabi/7.2.1/thumb/v7-m/crti.o
 .data          0x00000000        0x0 c:/siliconlabs/simplicitystudio/v5/developer/toolchains/gnu_arm/7.2_2017q4/bin/../lib/gcc/arm-none-eabi/7.2.1/thumb/v7-m/crti.o
 .bss           0x00000000        0x0 c:/siliconlabs/simplicitystudio/v5/developer/toolchains/gnu_arm/7.2_2017q4/bin/../lib/gcc/arm-none-eabi/7.2.1/thumb/v7-m/crti.o
 .data          0x00000000        0x4 c:/siliconlabs/simplicitystudio/v5/developer/toolchains/gnu_arm/7.2_2017q4/bin/../lib/gcc/arm-none-eabi/7.2.1/thumb/v7-m/crtbegin.o
 .data          0x00000000        0x0 c:/siliconlabs/simplicitystudio/v5/developer/toolchains/gnu_arm/7.2_2017q4/bin/../lib/gcc/arm-none-eabi/7.2.1/../../../../arm-none-eabi/lib/thumb/v7-m/crt0.o
 .bss           0x00000000        0x0 c:/siliconlabs/simplicitystudio/v5/developer/toolchains/gnu_arm/7.2_2017q4/bin/../lib/gcc/arm-none-eabi/7.2.1/../../../../arm-none-eabi/lib/thumb/v7-m/crt0.o
 .ARM.extab     0x00000000        0x0 c:/siliconlabs/simplicitystudio/v5/developer/toolchains/gnu_arm/7.2_2017q4/bin/../lib/gcc/arm-none-eabi/7.2.1/../../../../arm-none-eabi/lib/thumb/v7-m/crt0.o
 .group         0x00000000        0xc ./BSP/bsp_stk_leds.o
 .group         0x00000000        0xc ./BSP/bsp_stk_leds.o
 .group         0x00000000        0xc ./BSP/bsp_stk_leds.o
 .group         0x00000000        0xc ./BSP/bsp_stk_leds.o
 .group         0x00000000        0xc ./BSP/bsp_stk_leds.o
 .group         0x00000000        0xc ./BSP/bsp_stk_leds.o
 .group         0x00000000        0xc ./BSP/bsp_stk_leds.o
 .group         0x00000000        0xc ./BSP/bsp_stk_leds.o
 .group         0x00000000        0xc ./BSP/bsp_stk_leds.o
 .group         0x00000000        0xc ./BSP/bsp_stk_leds.o
 .group         0x00000000        0xc ./BSP/bsp_stk_leds.o
 .group         0x00000000        0xc ./BSP/bsp_stk_leds.o
 .group         0x00000000        0xc ./BSP/bsp_stk_leds.o
 .group         0x00000000        0xc ./BSP/bsp_stk_leds.o
 .group         0x00000000        0xc ./BSP/bsp_stk_leds.o
 .group         0x00000000        0xc ./BSP/bsp_stk_leds.o
 .group         0x00000000        0xc ./BSP/bsp_stk_leds.o
 .group         0x00000000        0xc ./BSP/bsp_stk_leds.o
[...]
Memory Configuration

Name             Origin             Length             Attributes
FLASH            0x00000000         0x00100000         xr
RAM              0x20000000         0x00020000         xrw
*default*        0x00000000         0xffffffff

Linker script and memory map

LOAD c:/siliconlabs/simplicitystudio/v5/developer/toolchains/gnu_arm/7.2_2017q4/bin/../lib/gcc/arm-none-eabi/7.2.1/thumb/v7-m/crti.o
LOAD c:/siliconlabs/simplicitystudio/v5/developer/toolchains/gnu_arm/7.2_2017q4/bin/../lib/gcc/arm-none-eabi/7.2.1/thumb/v7-m/crtbegin.o
LOAD c:/siliconlabs/simplicitystudio/v5/developer/toolchains/gnu_arm/7.2_2017q4/bin/../lib/gcc/arm-none-eabi/7.2.1/../../../../arm-none-eabi/lib/thumb/v7-m/crt0.o
START GROUP
LOAD ./BSP/bsp_stk_leds.o
LOAD ./Drivers/segmentlcd.o
LOAD ./gecko_sdk_3.0.0/platform/Device/SiliconLabs/EFM32GG/Source/GCC/startup_efm32gg.o
LOAD ./gecko_sdk_3.0.0/platform/Device/SiliconLabs/EFM32GG/Source/system_efm32gg.o
LOAD ./gecko_sdk_3.0.0/platform/common/toolchain/src/sl_memory.o
LOAD ./gecko_sdk_3.0.0/platform/emdrv/gpiointerrupt/src/gpiointerrupt.o
LOAD ./gecko_sdk_3.0.0/platform/emlib/src/em_assert.o
LOAD ./gecko_sdk_3.0.0/platform/emlib/src/em_cmu.o
LOAD ./gecko_sdk_3.0.0/platform/emlib/src/em_core.o
LOAD ./gecko_sdk_3.0.0/platform/emlib/src/em_emu.o
LOAD ./gecko_sdk_3.0.0/platform/emlib/src/em_gpio.o
LOAD ./gecko_sdk_3.0.0/platform/emlib/src/em_lcd.o
LOAD ./gecko_sdk_3.0.0/platform/emlib/src/em_lesense.o
LOAD ./gecko_sdk_3.0.0/platform/emlib/src/em_system.o
LOAD ./src/main.o
LOAD c:/siliconlabs/simplicitystudio/v5/developer/toolchains/gnu_arm/7.2_2017q4/bin/../lib/gcc/arm-none-eabi/7.2.1/thumb/v7-m\libgcc.a
LOAD c:/siliconlabs/simplicitystudio/v5/developer/toolchains/gnu_arm/7.2_2017q4/bin/../lib/gcc/arm-none-eabi/7.2.1/../../../../arm-none-eabi/lib/thumb/v7-m\libc_nano.a
LOAD c:/siliconlabs/simplicitystudio/v5/developer/toolchains/gnu_arm/7.2_2017q4/bin/../lib/gcc/arm-none-eabi/7.2.1/../../../../arm-none-eabi/lib/thumb/v7-m\libm.a
LOAD c:/siliconlabs/simplicitystudio/v5/developer/toolchains/gnu_arm/7.2_2017q4/bin/../lib/gcc/arm-none-eabi/7.2.1/../../../../arm-none-eabi/lib/thumb/v7-m\libnosys.a
END GROUP
START GROUP
LOAD c:/siliconlabs/simplicitystudio/v5/developer/toolchains/gnu_arm/7.2_2017q4/bin/../lib/gcc/arm-none-eabi/7.2.1/thumb/v7-m\libgcc.a
LOAD c:/siliconlabs/simplicitystudio/v5/developer/toolchains/gnu_arm/7.2_2017q4/bin/../lib/gcc/arm-none-eabi/7.2.1/../../../../arm-none-eabi/lib/thumb/v7-m\libc_nano.a
LOAD c:/siliconlabs/simplicitystudio/v5/developer/toolchains/gnu_arm/7.2_2017q4/bin/../lib/gcc/arm-none-eabi/7.2.1/../../../../arm-none-eabi/lib/thumb/v7-m\libnosys.a
END GROUP
START GROUP
LOAD c:/siliconlabs/simplicitystudio/v5/developer/toolchains/gnu_arm/7.2_2017q4/bin/../lib/gcc/arm-none-eabi/7.2.1/thumb/v7-m\libgcc.a
LOAD c:/siliconlabs/simplicitystudio/v5/developer/toolchains/gnu_arm/7.2_2017q4/bin/../lib/gcc/arm-none-eabi/7.2.1/../../../../arm-none-eabi/lib/thumb/v7-m\libg_nano.a
LOAD c:/siliconlabs/simplicitystudio/v5/developer/toolchains/gnu_arm/7.2_2017q4/bin/../lib/gcc/arm-none-eabi/7.2.1/../../../../arm-none-eabi/lib/thumb/v7-m\libc_nano.a
END GROUP
START GROUP
LOAD c:/siliconlabs/simplicitystudio/v5/developer/toolchains/gnu_arm/7.2_2017q4/bin/../lib/gcc/arm-none-eabi/7.2.1/thumb/v7-m\libgcc.a
LOAD c:/siliconlabs/simplicitystudio/v5/developer/toolchains/gnu_arm/7.2_2017q4/bin/../lib/gcc/arm-none-eabi/7.2.1/../../../../arm-none-eabi/lib/thumb/v7-m\libc_nano.a
END GROUP
LOAD c:/siliconlabs/simplicitystudio/v5/developer/toolchains/gnu_arm/7.2_2017q4/bin/../lib/gcc/arm-none-eabi/7.2.1/thumb/v7-m/crtend.o
LOAD c:/siliconlabs/simplicitystudio/v5/developer/toolchains/gnu_arm/7.2_2017q4/bin/../lib/gcc/arm-none-eabi/7.2.1/thumb/v7-m/crtn.o

.text           0x00000000     0x16f4
                0x00000000                linker_vectors_begin = .
 *(.vectors)
 .vectors       0x00000000       0xdc ./gecko_sdk_3.0.0/platform/Device/SiliconLabs/EFM32GG/Source/GCC/startup_efm32gg.o
                0x00000000                __Vectors
                0x000000dc                linker_vectors_end = .
                0x000000dc                __Vectors_End = .
                0x000000dc                __Vectors_Size = (__Vectors_End - __Vectors)
                0x000000dc                linker_code_begin = .
 *(.text*)
 .text          0x000000dc       0x40 c:/siliconlabs/simplicitystudio/v5/developer/toolchains/gnu_arm/7.2_2017q4/bin/../lib/gcc/arm-none-eabi/7.2.1/thumb/v7-m/crtbegin.o
 .text          0x0000011c       0x74 c:/siliconlabs/simplicitystudio/v5/developer/toolchains/gnu_arm/7.2_2017q4/bin/../lib/gcc/arm-none-eabi/7.2.1/../../../../arm-none-eabi/lib/thumb/v7-m/crt0.o
                0x0000011c                _start
                0x0000011c                _mainCRTStartup
 .text.BSP_LedsInit
                0x00000190       0x40 ./BSP/bsp_stk_leds.o
                0x00000190                BSP_LedsInit
 .text.BSP_LedClear
                0x000001d0       0x34 ./BSP/bsp_stk_leds.o
                0x000001d0                BSP_LedClear
 .text.BSP_LedSet
                0x00000204       0x34 ./BSP/bsp_stk_leds.o
                0x00000204                BSP_LedSet
 .text.BSP_LedToggle
                0x00000238       0x34 ./BSP/bsp_stk_leds.o
                0x00000238                BSP_LedToggle
 .text.SegmentLCD_AllOff
                0x0000026c       0xac ./Drivers/segmentlcd.o
                0x0000026c                SegmentLCD_AllOff
 .text.SegmentLCD_AllOn
                0x00000318       0xcc ./Drivers/segmentlcd.o
                0x00000318                SegmentLCD_AllOn
 .text.SegmentLCD_Init
                0x000003e4       0xac ./Drivers/segmentlcd.o
                0x000003e4                SegmentLCD_Init
 .text.Default_Handler
                0x00000490        0x2 ./gecko_sdk_3.0.0/platform/Device/SiliconLabs/EFM32GG/Source/GCC/startup_efm32gg.o
                0x00000490                TIMER2_IRQHandler
                0x00000490                DebugMon_Handler
                0x00000490                USART0_TX_IRQHandler
                0x00000490                I2C0_IRQHandler
                0x00000490                HardFault_Handler
                0x00000490                LEUART1_IRQHandler
                0x00000490                USART1_RX_IRQHandler
                0x00000490                PendSV_Handler
                0x00000490                NMI_Handler
                0x00000490                I2C1_IRQHandler
                0x00000490                TIMER3_IRQHandler
                0x00000490                USART1_TX_IRQHandler
                0x00000490                MSC_IRQHandler
                0x00000490                ADC0_IRQHandler
                0x00000490                UsageFault_Handler
                0x00000490                LEUART0_IRQHandler
                0x00000490                UART0_TX_IRQHandler
                0x00000490                UART1_TX_IRQHandler
                0x00000490                RTC_IRQHandler
                0x00000490                TIMER0_IRQHandler
                0x00000490                LCD_IRQHandler
                0x00000490                PCNT2_IRQHandler
                0x00000490                UART0_RX_IRQHandler
                0x00000490                LETIMER0_IRQHandler
                0x00000490                TIMER1_IRQHandler
                0x00000490                USART2_RX_IRQHandler
                0x00000490                Default_Handler
                0x00000490                EMU_IRQHandler
                0x00000490                PCNT0_IRQHandler
                0x00000490                sl_app_properties
                0x00000490                USB_IRQHandler
                0x00000490                BURTC_IRQHandler
                0x00000490                PCNT1_IRQHandler
                0x00000490                ACMP0_IRQHandler
                0x00000490                USART0_RX_IRQHandler
                0x00000490                MemManage_Handler
                0x00000490                SVC_Handler
                0x00000490                DAC0_IRQHandler
                0x00000490                UART1_RX_IRQHandler
                0x00000490                CMU_IRQHandler
                0x00000490                EBI_IRQHandler
                0x00000490                LESENSE_IRQHandler
                0x00000490                AES_IRQHandler
                0x00000490                VCMP_IRQHandler
                0x00000490                DMA_IRQHandler
                0x00000490                BusFault_Handler
                0x00000490                USART2_TX_IRQHandler
 *fill*         0x00000492        0x2 
 .text.Reset_Handler
                0x00000494       0x30 ./gecko_sdk_3.0.0/platform/Device/SiliconLabs/EFM32GG/Source/GCC/startup_efm32gg.o
                0x00000494                Reset_Handler
 .text.SystemMaxCoreClockGet
                0x000004c4        0x8 ./gecko_sdk_3.0.0/platform/Device/SiliconLabs/EFM32GG/Source/system_efm32gg.o
                0x000004c4                SystemMaxCoreClockGet
 .text.SystemHFClockGet
                0x000004cc       0xcc ./gecko_sdk_3.0.0/platform/Device/SiliconLabs/EFM32GG/Source/system_efm32gg.o
                0x000004cc                SystemHFClockGet
 .text.SystemCoreClockGet
                0x00000598       0x20 ./gecko_sdk_3.0.0/platform/Device/SiliconLabs/EFM32GG/Source/system_efm32gg.o
                0x00000598                SystemCoreClockGet
 .text.SystemHFXOClockGet
                0x000005b8        0xc ./gecko_sdk_3.0.0/platform/Device/SiliconLabs/EFM32GG/Source/system_efm32gg.o
                0x000005b8                SystemHFXOClockGet
 .text.SystemInit
                0x000005c4       0x10 ./gecko_sdk_3.0.0/platform/Device/SiliconLabs/EFM32GG/Source/system_efm32gg.o
                0x000005c4                SystemInit
 .text.SystemLFRCOClockGet
                0x000005d4        0x6 ./gecko_sdk_3.0.0/platform/Device/SiliconLabs/EFM32GG/Source/system_efm32gg.o
                0x000005d4                SystemLFRCOClockGet
 .text.SystemULFRCOClockGet
                0x000005da        0x6 ./gecko_sdk_3.0.0/platform/Device/SiliconLabs/EFM32GG/Source/system_efm32gg.o
                0x000005da                SystemULFRCOClockGet
 .text.SystemLFXOClockGet
                0x000005e0        0xc ./gecko_sdk_3.0.0/platform/Device/SiliconLabs/EFM32GG/Source/system_efm32gg.o
                0x000005e0                SystemLFXOClockGet
 .text.GPIOINT_IRQDispatcher
                0x000005ec       0x2c ./gecko_sdk_3.0.0/platform/emdrv/gpiointerrupt/src/gpiointerrupt.o
 .text.GPIOINT_Init
                0x00000618       0x1c ./gecko_sdk_3.0.0/platform/emdrv/gpiointerrupt/src/gpiointerrupt.o
                0x00000618                GPIOINT_Init
 .text.GPIOINT_CallbackRegister
                0x00000634       0x1c ./gecko_sdk_3.0.0/platform/emdrv/gpiointerrupt/src/gpiointerrupt.o
                0x00000634                GPIOINT_CallbackRegister
 .text.GPIO_EVEN_IRQHandler
                0x00000650       0x28 ./gecko_sdk_3.0.0/platform/emdrv/gpiointerrupt/src/gpiointerrupt.o
                0x00000650                GPIO_EVEN_IRQHandler
 .text.GPIO_ODD_IRQHandler
                0x00000678       0x28 ./gecko_sdk_3.0.0/platform/emdrv/gpiointerrupt/src/gpiointerrupt.o
                0x00000678                GPIO_ODD_IRQHandler
 .text.maxFreqHfle
                0x000006a0       0x54 ./gecko_sdk_3.0.0/platform/emlib/src/em_cmu.o
 .text.setHfLeConfig
                0x000006f4       0x44 ./gecko_sdk_3.0.0/platform/emlib/src/em_cmu.o
 .text.getHfLeConfig
                0x00000738        0xc ./gecko_sdk_3.0.0/platform/emlib/src/em_cmu.o
 .text.auxClkGet
                0x00000744       0x8c ./gecko_sdk_3.0.0/platform/emlib/src/em_cmu.o
 .text.flashWaitStateControl
                0x000007d0       0x60 ./gecko_sdk_3.0.0/platform/emlib/src/em_cmu.o
 .text.flashWaitStateMax
                0x00000830       0x24 ./gecko_sdk_3.0.0/platform/emlib/src/em_cmu.o
 .text.CMU_UpdateWaitStates
                0x00000854       0x20 ./gecko_sdk_3.0.0/platform/emlib/src/em_cmu.o
                0x00000854                CMU_UpdateWaitStates
 .text.CMU_ClockDivGet
                0x00000874       0xf4 ./gecko_sdk_3.0.0/platform/emlib/src/em_cmu.o
                0x00000874                CMU_ClockDivGet
 .text.CMU_ClockDivSet
                0x00000968      0x1ec ./gecko_sdk_3.0.0/platform/emlib/src/em_cmu.o
                0x00000968                CMU_ClockDivSet
 .text.CMU_ClockEnable
                0x00000b54       0x8c ./gecko_sdk_3.0.0/platform/emlib/src/em_cmu.o
                0x00000b54                CMU_ClockEnable
 .text.CMU_ClockSelectGet
                0x00000be0       0xf0 ./gecko_sdk_3.0.0/platform/emlib/src/em_cmu.o
                0x00000be0                CMU_ClockSelectGet
 .text.lfClkGet
                0x00000cd0       0x8c ./gecko_sdk_3.0.0/platform/emlib/src/em_cmu.o
 .text.dbgClkGet
                0x00000d5c       0x24 ./gecko_sdk_3.0.0/platform/emlib/src/em_cmu.o
 .text.usbCClkGet
                0x00000d80       0x30 ./gecko_sdk_3.0.0/platform/emlib/src/em_cmu.o
 .text.CMU_ClockFreqGet
                0x00000db0      0x15c ./gecko_sdk_3.0.0/platform/emlib/src/em_cmu.o
                0x00000db0                CMU_ClockFreqGet
 .text.CMU_LCDClkFDIVSet
                0x00000f0c       0x20 ./gecko_sdk_3.0.0/platform/emlib/src/em_cmu.o
                0x00000f0c                CMU_LCDClkFDIVSet
 .text.CMU_OscillatorEnable
                0x00000f2c       0x60 ./gecko_sdk_3.0.0/platform/emlib/src/em_cmu.o
                0x00000f2c                CMU_OscillatorEnable
 .text.CMU_ClockSelectSet
                0x00000f8c      0x1c4 ./gecko_sdk_3.0.0/platform/emlib/src/em_cmu.o
                0x00000f8c                CMU_ClockSelectSet
 .text.CORE_EnterAtomic
                0x00001150        0x8 ./gecko_sdk_3.0.0/platform/emlib/src/em_core.o
                0x00001150                CORE_EnterAtomic
 .text.CORE_ExitAtomic
                0x00001158        0x6 ./gecko_sdk_3.0.0/platform/emlib/src/em_core.o
                0x00001158                CORE_ExitAtomic
 *fill*         0x0000115e        0x2 
 .text.GPIO_ExtIntConfig
                0x00001160       0x7c ./gecko_sdk_3.0.0/platform/emlib/src/em_gpio.o
                0x00001160                GPIO_ExtIntConfig
 .text.GPIO_PinModeSet
                0x000011dc       0xc8 ./gecko_sdk_3.0.0/platform/emlib/src/em_gpio.o
                0x000011dc                GPIO_PinModeSet
 .text.LCD_Init
                0x000012a4       0x3c ./gecko_sdk_3.0.0/platform/emlib/src/em_lcd.o
                0x000012a4                LCD_Init
 .text.LCD_VLCDSelect
                0x000012e0       0x1c ./gecko_sdk_3.0.0/platform/emlib/src/em_lcd.o
                0x000012e0                LCD_VLCDSelect
 .text.LCD_SegmentRangeEnable
                0x000012fc       0x1c ./gecko_sdk_3.0.0/platform/emlib/src/em_lcd.o
                0x000012fc                LCD_SegmentRangeEnable
 .text.LCD_SegmentSetLow
                0x00001318       0x94 ./gecko_sdk_3.0.0/platform/emlib/src/em_lcd.o
                0x00001318                LCD_SegmentSetLow
 .text.LCD_SegmentSetHigh
                0x000013ac       0x94 ./gecko_sdk_3.0.0/platform/emlib/src/em_lcd.o
                0x000013ac                LCD_SegmentSetHigh
 .text.LCD_VBoostSet
                0x00001440       0x14 ./gecko_sdk_3.0.0/platform/emlib/src/em_lcd.o
                0x00001440                LCD_VBoostSet
 .text.SYSTEM_ChipRevisionGet
                0x00001454       0x34 ./gecko_sdk_3.0.0/platform/emlib/src/em_system.o
                0x00001454                SYSTEM_ChipRevisionGet
 .text.gpioCallback
                0x00001488       0x1c ./src/main.o
                0x00001488                gpioCallback
 .text.SysTick_Handler
                0x000014a4       0x10 ./src/main.o
                0x000014a4                SysTick_Handler
 .text.Delay    0x000014b4       0x14 ./src/main.o
                0x000014b4                Delay
 .text.gpioSetup
                0x000014c8       0x68 ./src/main.o
                0x000014c8                gpioSetup
 .text.bootup   0x00001530       0xb4 ./src/main.o
                0x00001530                bootup
 .text.main     0x000015e4       0x4c ./src/main.o
                0x000015e4                main
 .text.exit     0x00001630       0x28 c:/siliconlabs/simplicitystudio/v5/developer/toolchains/gnu_arm/7.2_2017q4/bin/../lib/gcc/arm-none-eabi/7.2.1/../../../../arm-none-eabi/lib/thumb/v7-m\libc_nano.a(lib_a-exit.o)
                0x00001630                exit
 .text.__libc_init_array
                0x00001658       0x48 c:/siliconlabs/simplicitystudio/v5/developer/toolchains/gnu_arm/7.2_2017q4/bin/../lib/gcc/arm-none-eabi/7.2.1/../../../../arm-none-eabi/lib/thumb/v7-m\libc_nano.a(lib_a-init.o)
                0x00001658                __libc_init_array
 .text.memset   0x000016a0       0x10 c:/siliconlabs/simplicitystudio/v5/developer/toolchains/gnu_arm/7.2_2017q4/bin/../lib/gcc/arm-none-eabi/7.2.1/../../../../arm-none-eabi/lib/thumb/v7-m\libc_nano.a(lib_a-memset.o)
                0x000016a0                memset
 .text._exit    0x000016b0        0x4 c:/siliconlabs/simplicitystudio/v5/developer/toolchains/gnu_arm/7.2_2017q4/bin/../lib/gcc/arm-none-eabi/7.2.1/../../../../arm-none-eabi/lib/thumb/v7-m\libnosys.a(_exit.o)
                0x000016b0                _exit
                0x000016b4                linker_code_end = .
 *(.init)
 .init          0x000016b4        0x4 c:/siliconlabs/simplicitystudio/v5/developer/toolchains/gnu_arm/7.2_2017q4/bin/../lib/gcc/arm-none-eabi/7.2.1/thumb/v7-m/crti.o
                0x000016b4                _init
 .init          0x000016b8        0x8 c:/siliconlabs/simplicitystudio/v5/developer/toolchains/gnu_arm/7.2_2017q4/bin/../lib/gcc/arm-none-eabi/7.2.1/thumb/v7-m/crtn.o
 *(.fini)
 .fini          0x000016c0        0x4 c:/siliconlabs/simplicitystudio/v5/developer/toolchains/gnu_arm/7.2_2017q4/bin/../lib/gcc/arm-none-eabi/7.2.1/thumb/v7-m/crti.o
                0x000016c0                _fini
 .fini          0x000016c4        0x8 c:/siliconlabs/simplicitystudio/v5/developer/toolchains/gnu_arm/7.2_2017q4/bin/../lib/gcc/arm-none-eabi/7.2.1/thumb/v7-m/crtn.o
 *crtbegin.o(.ctors)
 *crtbegin?.o(.ctors)
 *(EXCLUDE_FILE(*crtend.o *crtend?.o) .ctors)
 *(SORT_BY_NAME(.ctors.*))
 *(.ctors)
 *crtbegin.o(.dtors)
 *crtbegin?.o(.dtors)
 *(EXCLUDE_FILE(*crtend.o *crtend?.o) .dtors)
 *(SORT_BY_NAME(.dtors.*))
 *(.dtors)
 *(.rodata*)
 .rodata.ledArray
                0x000016cc       0x10 ./BSP/bsp_stk_leds.o
 .rodata.lcdInit
                0x000016dc       0x14 ./Drivers/segmentlcd.o
 .rodata._global_impure_ptr
                0x000016f0        0x4 c:/siliconlabs/simplicitystudio/v5/developer/toolchains/gnu_arm/7.2_2017q4/bin/../lib/gcc/arm-none-eabi/7.2.1/../../../../arm-none-eabi/lib/thumb/v7-m\libc_nano.a(lib_a-impure.o)
                0x000016f0                _global_impure_ptr
 *(.eh_frame*)
 .eh_frame      0x000016f4        0x0 c:/siliconlabs/simplicitystudio/v5/developer/toolchains/gnu_arm/7.2_2017q4/bin/../lib/gcc/arm-none-eabi/7.2.1/thumb/v7-m/crtbegin.o

.glue_7         0x000016f4        0x0
 .glue_7        0x000016f4        0x0 linker stubs

.glue_7t        0x000016f4        0x0
 .glue_7t       0x000016f4        0x0 linker stubs

.vfp11_veneer   0x000016f4        0x0
 .vfp11_veneer  0x000016f4        0x0 linker stubs

.v4_bx          0x000016f4        0x0
 .v4_bx         0x000016f4        0x0 linker stubs

.iplt           0x000016f4        0x0
 .iplt          0x000016f4        0x0 c:/siliconlabs/simplicitystudio/v5/developer/toolchains/gnu_arm/7.2_2017q4/bin/../lib/gcc/arm-none-eabi/7.2.1/thumb/v7-m/crtbegin.o

.ARM.extab
 *(.ARM.extab* .gnu.linkonce.armextab.*)
                0x000016f4                __exidx_start = .

.ARM.exidx      0x000016f4        0x8
 *(.ARM.exidx* .gnu.linkonce.armexidx.*)
 .ARM.exidx     0x000016f4        0x8 c:/siliconlabs/simplicitystudio/v5/developer/toolchains/gnu_arm/7.2_2017q4/bin/../lib/gcc/arm-none-eabi/7.2.1/../../../../arm-none-eabi/lib/thumb/v7-m/crt0.o
                0x000016fc                __exidx_end = .
                0x000016fc                __etext = .

.rel.dyn        0x000016fc        0x0
 .rel.iplt      0x000016fc        0x0 c:/siliconlabs/simplicitystudio/v5/developer/toolchains/gnu_arm/7.2_2017q4/bin/../lib/gcc/arm-none-eabi/7.2.1/thumb/v7-m/crtbegin.o
                0x20000000                . = ORIGIN (RAM)

.stack          0x20000000     0x1000
                0x20000000                __StackLimit = .
 *(.stack*)
 .stack         0x20000000        0x0 ./gecko_sdk_3.0.0/platform/Device/SiliconLabs/EFM32GG/Source/GCC/startup_efm32gg.o
 .stack         0x20000000     0x1000 ./gecko_sdk_3.0.0/platform/common/toolchain/src/sl_memory.o
                0x20001000                . = ALIGN (0x4)
                0x20001000                __StackTop = .
                0x20001000                PROVIDE (__stack, __StackTop)

.noinit
 *(.noinit*)

.data           0x20001000       0x74 load address 0x000016fc
                0x20001000                . = ALIGN (0x4)
                0x20001000                __data_start__ = .
 *(vtable)
 *(.data*)
 .data.SystemCoreClock
                0x20001000        0x4 ./gecko_sdk_3.0.0/platform/Device/SiliconLabs/EFM32GG/Source/system_efm32gg.o
                0x20001000                SystemCoreClock
 .data.SystemHFXOClock
                0x20001004        0x4 ./gecko_sdk_3.0.0/platform/Device/SiliconLabs/EFM32GG/Source/system_efm32gg.o
 .data.SystemLFXOClock
                0x20001008        0x4 ./gecko_sdk_3.0.0/platform/Device/SiliconLabs/EFM32GG/Source/system_efm32gg.o
 .data.impure_data
                0x2000100c       0x60 c:/siliconlabs/simplicitystudio/v5/developer/toolchains/gnu_arm/7.2_2017q4/bin/../lib/gcc/arm-none-eabi/7.2.1/../../../../arm-none-eabi/lib/thumb/v7-m\libc_nano.a(lib_a-impure.o)
                0x2000106c                . = ALIGN (0x4)
                [!provide]                PROVIDE (__ram_func_section_start, .)
 *(.ram)
                [!provide]                PROVIDE (__ram_func_section_end, .)
                0x2000106c                . = ALIGN (0x4)
                0x2000106c                PROVIDE (__preinit_array_start, .)
 *(.preinit_array)
                0x2000106c                PROVIDE (__preinit_array_end, .)
                0x2000106c                . = ALIGN (0x4)
                0x2000106c                PROVIDE (__init_array_start, .)
 *(SORT_BY_NAME(.init_array.*))
 *(.init_array)
 .init_array    0x2000106c        0x4 c:/siliconlabs/simplicitystudio/v5/developer/toolchains/gnu_arm/7.2_2017q4/bin/../lib/gcc/arm-none-eabi/7.2.1/thumb/v7-m/crtbegin.o
                0x20001070                PROVIDE (__init_array_end, .)
                0x20001070                . = ALIGN (0x4)
                [!provide]                PROVIDE (__fini_array_start, .)
 *(SORT_BY_NAME(.fini_array.*))
 *(.fini_array)
 .fini_array    0x20001070        0x4 c:/siliconlabs/simplicitystudio/v5/developer/toolchains/gnu_arm/7.2_2017q4/bin/../lib/gcc/arm-none-eabi/7.2.1/thumb/v7-m/crtbegin.o
                [!provide]                PROVIDE (__fini_array_end, .)
                0x20001074                . = ALIGN (0x4)
                0x20001074                __data_end__ = .

.igot.plt       0x20001074        0x0 load address 0x00001770
 .igot.plt      0x20001074        0x0 c:/siliconlabs/simplicitystudio/v5/developer/toolchains/gnu_arm/7.2_2017q4/bin/../lib/gcc/arm-none-eabi/7.2.1/thumb/v7-m/crtbegin.o

.bss            0x20001074       0x64 load address 0x00001770
                0x20001074                . = ALIGN (0x4)
                0x20001074                __bss_start__ = .
 *(.bss*)
 .bss           0x20001074       0x1c c:/siliconlabs/simplicitystudio/v5/developer/toolchains/gnu_arm/7.2_2017q4/bin/../lib/gcc/arm-none-eabi/7.2.1/thumb/v7-m/crtbegin.o
 .bss.gpioCallbacks
                0x20001090       0x40 ./gecko_sdk_3.0.0/platform/emdrv/gpiointerrupt/src/gpiointerrupt.o
 .bss.programState
                0x200010d0        0x1 ./src/main.o
                0x200010d0                programState
 *(COMMON)
 *fill*         0x200010d1        0x3 
 COMMON         0x200010d4        0x4 ./src/main.o
                0x200010d4                msTicks
                0x200010d8                . = ALIGN (0x4)
                0x200010d8                __bss_end__ = .

.heap           0x200010d8    0x1ef28
                0x200010d8                __HeapBase = .
                0x200010d8                __end__ = .
                0x200010d8                end = __end__
                0x200010d8                _end = __end__
 *(.heap*)
 .heap          0x200010d8      0x800 ./gecko_sdk_3.0.0/platform/common/toolchain/src/sl_memory.o
                0x20020000                . = (ORIGIN (RAM) + LENGTH (RAM))
 *fill*         0x200018d8    0x1e728 
                0x20020000                __HeapLimit = .
                0x0001ef28                __heap_size = (__HeapLimit - __HeapBase)

.internal_storage
                0x000016fc        0x0
 *(.internal_storage*)

.nvm            0x000016fc        0x0
 *(.simee*)
                0x00100000                linker_nvm_end = (ORIGIN (FLASH) + LENGTH (FLASH))
                0x00100000                linker_nvm_begin = (linker_nvm_end - SIZEOF (.nvm))
                0x00000000                linker_nvm_size = SIZEOF (.nvm)
                0x00100000                linker_storage_end = linker_nvm_begin
                0x00100000                linker_storage_begin = (linker_storage_end - SIZEOF (.internal_storage))
                0x00000000                linker_storage_size = SIZEOF (.internal_storage)
                0x00100000                __nvm3Base = linker_nvm_begin
                0x00000001                ASSERT ((LENGTH (FLASH) >= (__etext + SIZEOF (.data))), FLASH memory overflowed !)
                0x00000001                ASSERT (((ORIGIN (RAM) + LENGTH (RAM)) >= (__HeapBase + SIZEOF (.heap))), RAM memory overflowed !)
OUTPUT(EFM32LightControl.axf elf32-littlearm)

.ARM.attributes
                0x00000000       0x29
 .ARM.attributes
                0x00000000       0x1d c:/siliconlabs/simplicitystudio/v5/developer/toolchains/gnu_arm/7.2_2017q4/bin/../lib/gcc/arm-none-eabi/7.2.1/thumb/v7-m/crti.o
 .ARM.attributes
                0x0000001d       0x2d c:/siliconlabs/simplicitystudio/v5/developer/toolchains/gnu_arm/7.2_2017q4/bin/../lib/gcc/arm-none-eabi/7.2.1/thumb/v7-m/crtbegin.o
 .ARM.attributes
                0x0000004a       0x1b c:/siliconlabs/simplicitystudio/v5/developer/toolchains/gnu_arm/7.2_2017q4/bin/../lib/gcc/arm-none-eabi/7.2.1/../../../../arm-none-eabi/lib/thumb/v7-m/crt0.o
 .ARM.attributes
                0x00000065       0x33 ./BSP/bsp_stk_leds.o
 .ARM.attributes
                0x00000098       0x33 ./Drivers/segmentlcd.o
 .ARM.attributes
                0x000000cb       0x33 ./gecko_sdk_3.0.0/platform/Device/SiliconLabs/EFM32GG/Source/GCC/startup_efm32gg.o
 .ARM.attributes
                0x000000fe       0x33 ./gecko_sdk_3.0.0/platform/Device/SiliconLabs/EFM32GG/Source/system_efm32gg.o
 .ARM.attributes
                0x00000131       0x33 ./gecko_sdk_3.0.0/platform/common/toolchain/src/sl_memory.o
 .ARM.attributes
                0x00000164       0x33 ./gecko_sdk_3.0.0/platform/emdrv/gpiointerrupt/src/gpiointerrupt.o
 .ARM.attributes
                0x00000197       0x33 ./gecko_sdk_3.0.0/platform/emlib/src/em_cmu.o
 .ARM.attributes
                0x000001ca       0x33 ./gecko_sdk_3.0.0/platform/emlib/src/em_core.o
 .ARM.attributes
                0x000001fd       0x33 ./gecko_sdk_3.0.0/platform/emlib/src/em_gpio.o
 .ARM.attributes
                0x00000230       0x33 ./gecko_sdk_3.0.0/platform/emlib/src/em_lcd.o
 .ARM.attributes
                0x00000263       0x33 ./gecko_sdk_3.0.0/platform/emlib/src/em_system.o
 .ARM.attributes
                0x00000296       0x33 ./src/main.o
 .ARM.attributes
                0x000002c9       0x2d c:/siliconlabs/simplicitystudio/v5/developer/toolchains/gnu_arm/7.2_2017q4/bin/../lib/gcc/arm-none-eabi/7.2.1/../../../../arm-none-eabi/lib/thumb/v7-m\libc_nano.a(lib_a-exit.o)
 .ARM.attributes
                0x000002f6       0x2d c:/siliconlabs/simplicitystudio/v5/developer/toolchains/gnu_arm/7.2_2017q4/bin/../lib/gcc/arm-none-eabi/7.2.1/../../../../arm-none-eabi/lib/thumb/v7-m\libc_nano.a(lib_a-impure.o)
 .ARM.attributes
                0x00000323       0x2d c:/siliconlabs/simplicitystudio/v5/developer/toolchains/gnu_arm/7.2_2017q4/bin/../lib/gcc/arm-none-eabi/7.2.1/../../../../arm-none-eabi/lib/thumb/v7-m\libc_nano.a(lib_a-init.o)
 .ARM.attributes
                0x00000350       0x2d c:/siliconlabs/simplicitystudio/v5/developer/toolchains/gnu_arm/7.2_2017q4/bin/../lib/gcc/arm-none-eabi/7.2.1/../../../../arm-none-eabi/lib/thumb/v7-m\libc_nano.a(lib_a-memset.o)
 .ARM.attributes
                0x0000037d       0x2d c:/siliconlabs/simplicitystudio/v5/developer/toolchains/gnu_arm/7.2_2017q4/bin/../lib/gcc/arm-none-eabi/7.2.1/../../../../arm-none-eabi/lib/thumb/v7-m\libnosys.a(_exit.o)
 .ARM.attributes
                0x000003aa       0x1d c:/siliconlabs/simplicitystudio/v5/developer/toolchains/gnu_arm/7.2_2017q4/bin/../lib/gcc/arm-none-eabi/7.2.1/thumb/v7-m/crtn.o

.comment        0x00000000       0x7e
 .comment       0x00000000       0x7e ./BSP/bsp_stk_leds.o
                                 0x7f (size before relaxing)
 .comment       0x0000007e       0x7f ./Drivers/segmentlcd.o
 .comment       0x0000007e       0x7f ./gecko_sdk_3.0.0/platform/Device/SiliconLabs/EFM32GG/Source/GCC/startup_efm32gg.o
 .comment       0x0000007e       0x7f ./gecko_sdk_3.0.0/platform/Device/SiliconLabs/EFM32GG/Source/system_efm32gg.o
 .comment       0x0000007e       0x7f ./gecko_sdk_3.0.0/platform/common/toolchain/src/sl_memory.o
 .comment       0x0000007e       0x7f ./gecko_sdk_3.0.0/platform/emdrv/gpiointerrupt/src/gpiointerrupt.o
 .comment       0x0000007e       0x7f ./gecko_sdk_3.0.0/platform/emlib/src/em_cmu.o
 .comment       0x0000007e       0x7f ./gecko_sdk_3.0.0/platform/emlib/src/em_core.o
 .comment       0x0000007e       0x7f ./gecko_sdk_3.0.0/platform/emlib/src/em_gpio.o
 .comment       0x0000007e       0x7f ./gecko_sdk_3.0.0/platform/emlib/src/em_lcd.o
 .comment       0x0000007e       0x7f ./gecko_sdk_3.0.0/platform/emlib/src/em_system.o
 .comment       0x0000007e       0x7f ./src/main.o

.debug_info     0x00000000     0xa3c6
 .debug_info    0x00000000      0x9d7 ./BSP/bsp_stk_leds.o
 .debug_info    0x000009d7     0x29ba ./Drivers/segmentlcd.o
 .debug_info    0x00003391      0x28d ./gecko_sdk_3.0.0/platform/Device/SiliconLabs/EFM32GG/Source/GCC/startup_efm32gg.o
 .debug_info    0x0000361e      0x7cf ./gecko_sdk_3.0.0/platform/Device/SiliconLabs/EFM32GG/Source/system_efm32gg.o
 .debug_info    0x00003ded      0x1e4 ./gecko_sdk_3.0.0/platform/common/toolchain/src/sl_memory.o
 .debug_info    0x00003fd1      0x903 ./gecko_sdk_3.0.0/platform/emdrv/gpiointerrupt/src/gpiointerrupt.o
 .debug_info    0x000048d4     0x2108 ./gecko_sdk_3.0.0/platform/emlib/src/em_cmu.o
 .debug_info    0x000069dc      0xe2f ./gecko_sdk_3.0.0/platform/emlib/src/em_core.o
 .debug_info    0x0000780b      0x8be ./gecko_sdk_3.0.0/platform/emlib/src/em_gpio.o
 .debug_info    0x000080c9      0xf52 ./gecko_sdk_3.0.0/platform/emlib/src/em_lcd.o
 .debug_info    0x0000901b      0x32f ./gecko_sdk_3.0.0/platform/emlib/src/em_system.o
 .debug_info    0x0000934a     0x107c ./src/main.o

.debug_abbrev   0x00000000     0x1eaa
 .debug_abbrev  0x00000000      0x2a4 ./BSP/bsp_stk_leds.o
 .debug_abbrev  0x000002a4      0x34e ./Drivers/segmentlcd.o
 .debug_abbrev  0x000005f2      0x149 ./gecko_sdk_3.0.0/platform/Device/SiliconLabs/EFM32GG/Source/GCC/startup_efm32gg.o
 .debug_abbrev  0x0000073b      0x229 ./gecko_sdk_3.0.0/platform/Device/SiliconLabs/EFM32GG/Source/system_efm32gg.o
 .debug_abbrev  0x00000964      0x107 ./gecko_sdk_3.0.0/platform/common/toolchain/src/sl_memory.o
 .debug_abbrev  0x00000a6b      0x2b2 ./gecko_sdk_3.0.0/platform/emdrv/gpiointerrupt/src/gpiointerrupt.o
 .debug_abbrev  0x00000d1d      0x3eb ./gecko_sdk_3.0.0/platform/emlib/src/em_cmu.o
 .debug_abbrev  0x00001108      0x2f2 ./gecko_sdk_3.0.0/platform/emlib/src/em_core.o
 .debug_abbrev  0x000013fa      0x2bf ./gecko_sdk_3.0.0/platform/emlib/src/em_gpio.o
 .debug_abbrev  0x000016b9      0x320 ./gecko_sdk_3.0.0/platform/emlib/src/em_lcd.o
 .debug_abbrev  0x000019d9      0x196 ./gecko_sdk_3.0.0/platform/emlib/src/em_system.o
 .debug_abbrev  0x00001b6f      0x33b ./src/main.o

.debug_loc      0x00000000     0x57dd
 .debug_loc     0x00000000      0x556 ./BSP/bsp_stk_leds.o
 .debug_loc     0x00000556     0x1398 ./Drivers/segmentlcd.o
 .debug_loc     0x000018ee       0x73 ./gecko_sdk_3.0.0/platform/Device/SiliconLabs/EFM32GG/Source/GCC/startup_efm32gg.o
 .debug_loc     0x00001961      0x11e ./gecko_sdk_3.0.0/platform/Device/SiliconLabs/EFM32GG/Source/system_efm32gg.o
 .debug_loc     0x00001a7f       0x34 ./gecko_sdk_3.0.0/platform/common/toolchain/src/sl_memory.o
 .debug_loc     0x00001ab3      0x1f9 ./gecko_sdk_3.0.0/platform/emdrv/gpiointerrupt/src/gpiointerrupt.o
 .debug_loc     0x00001cac     0x1ee3 ./gecko_sdk_3.0.0/platform/emlib/src/em_cmu.o
 .debug_loc     0x00003b8f      0x4f2 ./gecko_sdk_3.0.0/platform/emlib/src/em_core.o
 .debug_loc     0x00004081      0x693 ./gecko_sdk_3.0.0/platform/emlib/src/em_gpio.o
 .debug_loc     0x00004714      0xe26 ./gecko_sdk_3.0.0/platform/emlib/src/em_lcd.o
 .debug_loc     0x0000553a       0xab ./gecko_sdk_3.0.0/platform/emlib/src/em_system.o
 .debug_loc     0x000055e5      0x1f8 ./src/main.o

.debug_aranges  0x00000000      0x560
 .debug_aranges
                0x00000000       0x50 ./BSP/bsp_stk_leds.o
 .debug_aranges
                0x00000050       0xa8 ./Drivers/segmentlcd.o
 .debug_aranges
                0x000000f8       0x28 ./gecko_sdk_3.0.0/platform/Device/SiliconLabs/EFM32GG/Source/GCC/startup_efm32gg.o
 .debug_aranges
                0x00000120       0x68 ./gecko_sdk_3.0.0/platform/Device/SiliconLabs/EFM32GG/Source/system_efm32gg.o
 .debug_aranges
                0x00000188       0x30 ./gecko_sdk_3.0.0/platform/common/toolchain/src/sl_memory.o
 .debug_aranges
                0x000001b8       0x40 ./gecko_sdk_3.0.0/platform/emdrv/gpiointerrupt/src/gpiointerrupt.o
 .debug_aranges
                0x000001f8      0x140 ./gecko_sdk_3.0.0/platform/emlib/src/em_cmu.o
 .debug_aranges
                0x00000338       0xe0 ./gecko_sdk_3.0.0/platform/emlib/src/em_core.o
 .debug_aranges
                0x00000418       0x48 ./gecko_sdk_3.0.0/platform/emlib/src/em_gpio.o
 .debug_aranges
                0x00000460       0x88 ./gecko_sdk_3.0.0/platform/emlib/src/em_lcd.o
 .debug_aranges
                0x000004e8       0x30 ./gecko_sdk_3.0.0/platform/emlib/src/em_system.o
 .debug_aranges
                0x00000518       0x48 ./src/main.o

.debug_ranges   0x00000000      0x500
 .debug_ranges  0x00000000       0x40 ./BSP/bsp_stk_leds.o
 .debug_ranges  0x00000040       0x98 ./Drivers/segmentlcd.o
 .debug_ranges  0x000000d8       0x18 ./gecko_sdk_3.0.0/platform/Device/SiliconLabs/EFM32GG/Source/GCC/startup_efm32gg.o
 .debug_ranges  0x000000f0       0x58 ./gecko_sdk_3.0.0/platform/Device/SiliconLabs/EFM32GG/Source/system_efm32gg.o
 .debug_ranges  0x00000148       0x20 ./gecko_sdk_3.0.0/platform/common/toolchain/src/sl_memory.o
 .debug_ranges  0x00000168       0x30 ./gecko_sdk_3.0.0/platform/emdrv/gpiointerrupt/src/gpiointerrupt.o
 .debug_ranges  0x00000198      0x130 ./gecko_sdk_3.0.0/platform/emlib/src/em_cmu.o
 .debug_ranges  0x000002c8      0x100 ./gecko_sdk_3.0.0/platform/emlib/src/em_core.o
 .debug_ranges  0x000003c8       0x38 ./gecko_sdk_3.0.0/platform/emlib/src/em_gpio.o
 .debug_ranges  0x00000400       0xa8 ./gecko_sdk_3.0.0/platform/emlib/src/em_lcd.o
 .debug_ranges  0x000004a8       0x20 ./gecko_sdk_3.0.0/platform/emlib/src/em_system.o
 .debug_ranges  0x000004c8       0x38 ./src/main.o

.debug_macro    0x00000000    0x26111
 .debug_macro   0x00000000      0x306 ./BSP/bsp_stk_leds.o
 .debug_macro   0x00000306      0xa48 ./BSP/bsp_stk_leds.o
 .debug_macro   0x00000d4e       0x10 ./BSP/bsp_stk_leds.o
 .debug_macro   0x00000d5e      0x39b ./BSP/bsp_stk_leds.o
 .debug_macro   0x000010f9       0x22 ./BSP/bsp_stk_leds.o
 .debug_macro   0x0000111b       0x4f ./BSP/bsp_stk_leds.o
 .debug_macro   0x0000116a       0x51 ./BSP/bsp_stk_leds.o
 .debug_macro   0x000011bb       0xef ./BSP/bsp_stk_leds.o
 .debug_macro   0x000012aa       0x6a ./BSP/bsp_stk_leds.o
 .debug_macro   0x00001314      0x1df ./BSP/bsp_stk_leds.o
 .debug_macro   0x000014f3       0x1c ./BSP/bsp_stk_leds.o
 .debug_macro   0x0000150f       0x22 ./BSP/bsp_stk_leds.o
 .debug_macro   0x00001531       0xc3 ./BSP/bsp_stk_leds.o
 .debug_macro   0x000015f4      0xe18 ./BSP/bsp_stk_leds.o
 .debug_macro   0x0000240c       0xe2 ./BSP/bsp_stk_leds.o
 .debug_macro   0x000024ee     0x2869 ./BSP/bsp_stk_leds.o
 .debug_macro   0x00004d57      0x39e ./BSP/bsp_stk_leds.o
 .debug_macro   0x000050f5     0x3f12 ./BSP/bsp_stk_leds.o
 .debug_macro   0x00009007      0x9a4 ./BSP/bsp_stk_leds.o
 .debug_macro   0x000099ab      0x6eb ./BSP/bsp_stk_leds.o
 .debug_macro   0x0000a096      0x283 ./BSP/bsp_stk_leds.o
 .debug_macro   0x0000a319     0x1e37 ./BSP/bsp_stk_leds.o
 .debug_macro   0x0000c150     0x30cb ./BSP/bsp_stk_leds.o
 .debug_macro   0x0000f21b      0x37f ./BSP/bsp_stk_leds.o
 .debug_macro   0x0000f59a      0x855 ./BSP/bsp_stk_leds.o
 .debug_macro   0x0000fdef     0x230f ./BSP/bsp_stk_leds.o
 .debug_macro   0x000120fe     0x1bf6 ./BSP/bsp_stk_leds.o
 .debug_macro   0x00013cf4     0x1709 ./BSP/bsp_stk_leds.o
 .debug_macro   0x000153fd      0x6d8 ./BSP/bsp_stk_leds.o
 .debug_macro   0x00015ad5     0x106a ./BSP/bsp_stk_leds.o
 .debug_macro   0x00016b3f     0x1d83 ./BSP/bsp_stk_leds.o
 .debug_macro   0x000188c2      0x33d ./BSP/bsp_stk_leds.o
 .debug_macro   0x00018bff      0xa66 ./BSP/bsp_stk_leds.o
 .debug_macro   0x00019665      0xfe0 ./BSP/bsp_stk_leds.o
 .debug_macro   0x0001a645      0x894 ./BSP/bsp_stk_leds.o
 .debug_macro   0x0001aed9      0xf85 ./BSP/bsp_stk_leds.o
 .debug_macro   0x0001be5e     0x12a5 ./BSP/bsp_stk_leds.o
 .debug_macro   0x0001d103      0xc4a ./BSP/bsp_stk_leds.o
 .debug_macro   0x0001dd4d      0x74d ./BSP/bsp_stk_leds.o
 .debug_macro   0x0001e49a      0x1c9 ./BSP/bsp_stk_leds.o
 .debug_macro   0x0001e663     0x1041 ./BSP/bsp_stk_leds.o
 .debug_macro   0x0001f6a4      0x280 ./BSP/bsp_stk_leds.o
 .debug_macro   0x0001f924       0x40 ./BSP/bsp_stk_leds.o
 .debug_macro   0x0001f964      0x250 ./BSP/bsp_stk_leds.o
 .debug_macro   0x0001fbb4      0x1f0 ./BSP/bsp_stk_leds.o
 .debug_macro   0x0001fda4      0x166 ./BSP/bsp_stk_leds.o
 .debug_macro   0x0001ff0a      0x252 ./BSP/bsp_stk_leds.o
 .debug_macro   0x0002015c     0x1bd7 ./BSP/bsp_stk_leds.o
 .debug_macro   0x00021d33       0x2e ./BSP/bsp_stk_leds.o
 .debug_macro   0x00021d61      0x427 ./BSP/bsp_stk_leds.o
 .debug_macro   0x00022188      0x427 ./BSP/bsp_stk_leds.o
 .debug_macro   0x000225af       0x22 ./BSP/bsp_stk_leds.o
 .debug_macro   0x000225d1       0x10 ./BSP/bsp_stk_leds.o
 .debug_macro   0x000225e1       0xc2 ./BSP/bsp_stk_leds.o
 .debug_macro   0x000226a3       0x70 ./BSP/bsp_stk_leds.o
 .debug_macro   0x00022713      0x33e ./BSP/bsp_stk_leds.o
 .debug_macro   0x00022a51       0xb2 ./BSP/bsp_stk_leds.o
 .debug_macro   0x00022b03       0x76 ./BSP/bsp_stk_leds.o
 .debug_macro   0x00022b79       0xf1 ./BSP/bsp_stk_leds.o
 .debug_macro   0x00022c6a       0x3a ./BSP/bsp_stk_leds.o
 .debug_macro   0x00022ca4      0x43b ./Drivers/segmentlcd.o
 .debug_macro   0x000230df       0x52 ./Drivers/segmentlcd.o
 .debug_macro   0x00023131       0x17 ./Drivers/segmentlcd.o
 .debug_macro   0x00023148       0x55 ./Drivers/segmentlcd.o
 .debug_macro   0x0002319d       0x35 ./Drivers/segmentlcd.o
 .debug_macro   0x000231d2       0x9c ./Drivers/segmentlcd.o
 .debug_macro   0x0002326e       0x16 ./Drivers/segmentlcd.o
 .debug_macro   0x00023284       0x57 ./Drivers/segmentlcd.o
 .debug_macro   0x000232db       0x97 ./Drivers/segmentlcd.o
 .debug_macro   0x00023372      0x353 ./Drivers/segmentlcd.o
 .debug_macro   0x000236c5       0xf6 ./Drivers/segmentlcd.o
 .debug_macro   0x000237bb       0x10 ./Drivers/segmentlcd.o
 .debug_macro   0x000237cb       0x58 ./Drivers/segmentlcd.o
 .debug_macro   0x00023823       0x1f ./Drivers/segmentlcd.o
 .debug_macro   0x00023842       0x43 ./Drivers/segmentlcd.o
 .debug_macro   0x00023885       0x20 ./Drivers/segmentlcd.o
 .debug_macro   0x000238a5      0x18e ./Drivers/segmentlcd.o
 .debug_macro   0x00023a33       0x10 ./Drivers/segmentlcd.o
 .debug_macro   0x00023a43       0xb6 ./Drivers/segmentlcd.o
 .debug_macro   0x00023af9       0x16 ./Drivers/segmentlcd.o
 .debug_macro   0x00023b0f      0x129 ./Drivers/segmentlcd.o
 .debug_macro   0x00023c38       0x16 ./Drivers/segmentlcd.o
 .debug_macro   0x00023c4e       0x35 ./Drivers/segmentlcd.o
 .debug_macro   0x00023c83       0x16 ./Drivers/segmentlcd.o
 .debug_macro   0x00023c99       0x22 ./Drivers/segmentlcd.o
 .debug_macro   0x00023cbb       0xbd ./Drivers/segmentlcd.o
 .debug_macro   0x00023d78       0x1d ./Drivers/segmentlcd.o
 .debug_macro   0x00023d95      0x117 ./Drivers/segmentlcd.o
 .debug_macro   0x00023eac       0x22 ./Drivers/segmentlcd.o
 .debug_macro   0x00023ece      0x289 ./gecko_sdk_3.0.0/platform/Device/SiliconLabs/EFM32GG/Source/GCC/startup_efm32gg.o
 .debug_macro   0x00024157      0x297 ./gecko_sdk_3.0.0/platform/Device/SiliconLabs/EFM32GG/Source/system_efm32gg.o
 .debug_macro   0x000243ee       0x92 ./gecko_sdk_3.0.0/platform/common/toolchain/src/sl_memory.o
 .debug_macro   0x00024480      0x16d ./gecko_sdk_3.0.0/platform/common/toolchain/src/sl_memory.o
 .debug_macro   0x000245ed       0x16 ./gecko_sdk_3.0.0/platform/common/toolchain/src/sl_memory.o
 .debug_macro   0x00024603      0x2ce ./gecko_sdk_3.0.0/platform/emdrv/gpiointerrupt/src/gpiointerrupt.o
 .debug_macro   0x000248d1       0xbc ./gecko_sdk_3.0.0/platform/emdrv/gpiointerrupt/src/gpiointerrupt.o
 .debug_macro   0x0002498d       0xba ./gecko_sdk_3.0.0/platform/emdrv/gpiointerrupt/src/gpiointerrupt.o
 .debug_macro   0x00024a47      0x370 ./gecko_sdk_3.0.0/platform/emlib/src/em_cmu.o
 .debug_macro   0x00024db7       0x58 ./gecko_sdk_3.0.0/platform/emlib/src/em_cmu.o
 .debug_macro   0x00024e0f      0x34d ./gecko_sdk_3.0.0/platform/emlib/src/em_cmu.o
 .debug_macro   0x0002515c       0x25 ./gecko_sdk_3.0.0/platform/emlib/src/em_cmu.o
 .debug_macro   0x00025181       0xee ./gecko_sdk_3.0.0/platform/emlib/src/em_cmu.o
 .debug_macro   0x0002526f       0x1f ./gecko_sdk_3.0.0/platform/emlib/src/em_cmu.o
 .debug_macro   0x0002528e      0x2c9 ./gecko_sdk_3.0.0/platform/emlib/src/em_core.o
 .debug_macro   0x00025557       0x6a ./gecko_sdk_3.0.0/platform/emlib/src/em_core.o
 .debug_macro   0x000255c1      0x2b0 ./gecko_sdk_3.0.0/platform/emlib/src/em_gpio.o
 .debug_macro   0x00025871      0x2a4 ./gecko_sdk_3.0.0/platform/emlib/src/em_lcd.o
 .debug_macro   0x00025b15       0x17 ./gecko_sdk_3.0.0/platform/emlib/src/em_lcd.o
 .debug_macro   0x00025b2c      0x29e ./gecko_sdk_3.0.0/platform/emlib/src/em_system.o
 .debug_macro   0x00025dca      0x347 ./src/main.o

.debug_line     0x00000000     0x7d44
 .debug_line    0x00000000      0xa7c ./BSP/bsp_stk_leds.o
 .debug_line    0x00000a7c      0xdbb ./Drivers/segmentlcd.o
 .debug_line    0x00001837      0x873 ./gecko_sdk_3.0.0/platform/Device/SiliconLabs/EFM32GG/Source/GCC/startup_efm32gg.o
 .debug_line    0x000020aa      0x912 ./gecko_sdk_3.0.0/platform/Device/SiliconLabs/EFM32GG/Source/system_efm32gg.o
 .debug_line    0x000029bc      0x3fb ./gecko_sdk_3.0.0/platform/common/toolchain/src/sl_memory.o
 .debug_line    0x00002db7      0x9f1 ./gecko_sdk_3.0.0/platform/emdrv/gpiointerrupt/src/gpiointerrupt.o
 .debug_line    0x000037a8     0x11a8 ./gecko_sdk_3.0.0/platform/emlib/src/em_cmu.o
 .debug_line    0x00004950      0xb71 ./gecko_sdk_3.0.0/platform/emlib/src/em_core.o
 .debug_line    0x000054c1      0x97f ./gecko_sdk_3.0.0/platform/emlib/src/em_gpio.o
 .debug_line    0x00005e40      0xada ./gecko_sdk_3.0.0/platform/emlib/src/em_lcd.o
 .debug_line    0x0000691a      0x8e5 ./gecko_sdk_3.0.0/platform/emlib/src/em_system.o
 .debug_line    0x000071ff      0xb45 ./src/main.o

.debug_str      0x00000000    0xde612
 .debug_str     0x00000000    0xd4afc ./BSP/bsp_stk_leds.o
                              0xd5130 (size before relaxing)
 .debug_str     0x000d4afc     0x6ef7 ./Drivers/segmentlcd.o
                              0xdb2f6 (size before relaxing)
 .debug_str     0x000db9f3      0x178 ./gecko_sdk_3.0.0/platform/Device/SiliconLabs/EFM32GG/Source/GCC/startup_efm32gg.o
                              0xd2d05 (size before relaxing)
 .debug_str     0x000dbb6b      0x2c6 ./gecko_sdk_3.0.0/platform/Device/SiliconLabs/EFM32GG/Source/system_efm32gg.o
                              0xd2f36 (size before relaxing)
 .debug_str     0x000dbe31      0x159 ./gecko_sdk_3.0.0/platform/common/toolchain/src/sl_memory.o
                               0x3fe1 (size before relaxing)
 .debug_str     0x000dbf8a      0xa3a ./gecko_sdk_3.0.0/platform/emdrv/gpiointerrupt/src/gpiointerrupt.o
                              0xd4048 (size before relaxing)
 .debug_str     0x000dc9c4      0xf60 ./gecko_sdk_3.0.0/platform/emlib/src/em_cmu.o
                              0xd6e69 (size before relaxing)
 .debug_str     0x000dd924      0x3a2 ./gecko_sdk_3.0.0/platform/emlib/src/em_core.o
                              0xd3b83 (size before relaxing)
 .debug_str     0x000ddcc6      0x228 ./gecko_sdk_3.0.0/platform/emlib/src/em_gpio.o
                              0xd375a (size before relaxing)
 .debug_str     0x000ddeee      0x348 ./gecko_sdk_3.0.0/platform/emlib/src/em_lcd.o
                              0xd33c0 (size before relaxing)
 .debug_str     0x000de236      0x1c6 ./gecko_sdk_3.0.0/platform/emlib/src/em_system.o
                              0xd30b8 (size before relaxing)
 .debug_str     0x000de3fc      0x216 ./src/main.o
                              0xd836b (size before relaxing)

.debug_frame    0x00000000      0xc90
 .debug_frame   0x00000000       0xa0 ./BSP/bsp_stk_leds.o
 .debug_frame   0x000000a0      0x214 ./Drivers/segmentlcd.o
 .debug_frame   0x000002b4       0x38 ./gecko_sdk_3.0.0/platform/Device/SiliconLabs/EFM32GG/Source/GCC/startup_efm32gg.o
 .debug_frame   0x000002ec       0xc8 ./gecko_sdk_3.0.0/platform/Device/SiliconLabs/EFM32GG/Source/system_efm32gg.o
 .debug_frame   0x000003b4       0x40 ./gecko_sdk_3.0.0/platform/common/toolchain/src/sl_memory.o
 .debug_frame   0x000003f4       0x84 ./gecko_sdk_3.0.0/platform/emdrv/gpiointerrupt/src/gpiointerrupt.o
 .debug_frame   0x00000478      0x2f4 ./gecko_sdk_3.0.0/platform/emlib/src/em_cmu.o
 .debug_frame   0x0000076c      0x204 ./gecko_sdk_3.0.0/platform/emlib/src/em_core.o
 .debug_frame   0x00000970       0xa4 ./gecko_sdk_3.0.0/platform/emlib/src/em_gpio.o
 .debug_frame   0x00000a14      0x108 ./gecko_sdk_3.0.0/platform/emlib/src/em_lcd.o
 .debug_frame   0x00000b1c       0x40 ./gecko_sdk_3.0.0/platform/emlib/src/em_system.o
 .debug_frame   0x00000b5c       0xa0 ./src/main.o
 .debug_frame   0x00000bfc       0x28 c:/siliconlabs/simplicitystudio/v5/developer/toolchains/gnu_arm/7.2_2017q4/bin/../lib/gcc/arm-none-eabi/7.2.1/../../../../arm-none-eabi/lib/thumb/v7-m\libc_nano.a(lib_a-exit.o)
 .debug_frame   0x00000c24       0x2c c:/siliconlabs/simplicitystudio/v5/developer/toolchains/gnu_arm/7.2_2017q4/bin/../lib/gcc/arm-none-eabi/7.2.1/../../../../arm-none-eabi/lib/thumb/v7-m\libc_nano.a(lib_a-init.o)
 .debug_frame   0x00000c50       0x20 c:/siliconlabs/simplicitystudio/v5/developer/toolchains/gnu_arm/7.2_2017q4/bin/../lib/gcc/arm-none-eabi/7.2.1/../../../../arm-none-eabi/lib/thumb/v7-m\libc_nano.a(lib_a-memset.o)
 .debug_frame   0x00000c70       0x20 c:/siliconlabs/simplicitystudio/v5/developer/toolchains/gnu_arm/7.2_2017q4/bin/../lib/gcc/arm-none-eabi/7.2.1/../../../../arm-none-eabi/lib/thumb/v7-m\libnosys.a(_exit.o)
