Archive member included to satisfy reference by file (symbol)

c:/siliconlabs/simplicitystudio/v5/developer/toolchains/gnu_arm/7.2_2017q4/bin/../lib/gcc/arm-none-eabi/7.2.1/../../../../arm-none-eabi/lib/thumb/v7-m\libc_nano.a(lib_a-abs.o)
                              ./Drivers/segmentlcd.o (abs)
c:/siliconlabs/simplicitystudio/v5/developer/toolchains/gnu_arm/7.2_2017q4/bin/../lib/gcc/arm-none-eabi/7.2.1/../../../../arm-none-eabi/lib/thumb/v7-m\libc_nano.a(lib_a-exit.o)
                              c:/siliconlabs/simplicitystudio/v5/developer/toolchains/gnu_arm/7.2_2017q4/bin/../lib/gcc/arm-none-eabi/7.2.1/../../../../arm-none-eabi/lib/thumb/v7-m/crt0.o (exit)
c:/siliconlabs/simplicitystudio/v5/developer/toolchains/gnu_arm/7.2_2017q4/bin/../lib/gcc/arm-none-eabi/7.2.1/../../../../arm-none-eabi/lib/thumb/v7-m\libc_nano.a(lib_a-impure.o)
                              c:/siliconlabs/simplicitystudio/v5/developer/toolchains/gnu_arm/7.2_2017q4/bin/../lib/gcc/arm-none-eabi/7.2.1/../../../../arm-none-eabi/lib/thumb/v7-m\libc_nano.a(lib_a-exit.o) (_global_impure_ptr)
c:/siliconlabs/simplicitystudio/v5/developer/toolchains/gnu_arm/7.2_2017q4/bin/../lib/gcc/arm-none-eabi/7.2.1/../../../../arm-none-eabi/lib/thumb/v7-m\libc_nano.a(lib_a-init.o)
                              c:/siliconlabs/simplicitystudio/v5/developer/toolchains/gnu_arm/7.2_2017q4/bin/../lib/gcc/arm-none-eabi/7.2.1/../../../../arm-none-eabi/lib/thumb/v7-m/crt0.o (__libc_init_array)
c:/siliconlabs/simplicitystudio/v5/developer/toolchains/gnu_arm/7.2_2017q4/bin/../lib/gcc/arm-none-eabi/7.2.1/../../../../arm-none-eabi/lib/thumb/v7-m\libc_nano.a(lib_a-memset.o)
                              c:/siliconlabs/simplicitystudio/v5/developer/toolchains/gnu_arm/7.2_2017q4/bin/../lib/gcc/arm-none-eabi/7.2.1/../../../../arm-none-eabi/lib/thumb/v7-m/crt0.o (memset)
c:/siliconlabs/simplicitystudio/v5/developer/toolchains/gnu_arm/7.2_2017q4/bin/../lib/gcc/arm-none-eabi/7.2.1/../../../../arm-none-eabi/lib/thumb/v7-m\libc_nano.a(lib_a-strlen.o)
                              ./Drivers/segmentlcd.o (strlen)
c:/siliconlabs/simplicitystudio/v5/developer/toolchains/gnu_arm/7.2_2017q4/bin/../lib/gcc/arm-none-eabi/7.2.1/../../../../arm-none-eabi/lib/thumb/v7-m\libnosys.a(_exit.o)
                              c:/siliconlabs/simplicitystudio/v5/developer/toolchains/gnu_arm/7.2_2017q4/bin/../lib/gcc/arm-none-eabi/7.2.1/../../../../arm-none-eabi/lib/thumb/v7-m\libc_nano.a(lib_a-exit.o) (_exit)

Discarded input sections

 .text          0x00000000        0x0 c:/siliconlabs/simplicitystudio/v5/developer/toolchains/gnu_arm/7.2_2017q4/bin/../lib/gcc/arm-none-eabi/7.2.1/thumb/v7-m/crti.o
 .data          0x00000000        0x0 c:/siliconlabs/simplicitystudio/v5/developer/toolchains/gnu_arm/7.2_2017q4/bin/../lib/gcc/arm-none-eabi/7.2.1/thumb/v7-m/crti.o
 .bss           0x00000000        0x0 c:/siliconlabs/simplicitystudio/v5/developer/toolchains/gnu_arm/7.2_2017q4/bin/../lib/gcc/arm-none-eabi/7.2.1/thumb/v7-m/crti.o
 .data          0x00000000        0x4 c:/siliconlabs/simplicitystudio/v5/developer/toolchains/gnu_arm/7.2_2017q4/bin/../lib/gcc/arm-none-eabi/7.2.1/thumb/v7-m/crtbegin.o
 .data          0x00000000        0x0 c:/siliconlabs/simplicitystudio/v5/developer/toolchains/gnu_arm/7.2_2017q4/bin/../lib/gcc/arm-none-eabi/7.2.1/../../../../arm-none-eabi/lib/thumb/v7-m/crt0.o
 .bss           0x00000000        0x0 c:/siliconlabs/simplicitystudio/v5/developer/toolchains/gnu_arm/7.2_2017q4/bin/../lib/gcc/arm-none-eabi/7.2.1/../../../../arm-none-eabi/lib/thumb/v7-m/crt0.o
 .ARM.extab     0x00000000        0x0 c:/siliconlabs/simplicitystudio/v5/developer/toolchains/gnu_arm/7.2_2017q4/bin/../lib/gcc/arm-none-eabi/7.2.1/../../../../arm-none-eabi/lib/thumb/v7-m/crt0.o
 .group         0x00000000        0xc ./BSP/bsp_stk_leds.o
 .group         0x00000000        0xc ./BSP/bsp_stk_leds.o
 .group         0x00000000        0xc ./BSP/bsp_stk_leds.o
 .group         0x00000000        0xc ./BSP/bsp_stk_leds.o
 .group         0x00000000        0xc ./BSP/bsp_stk_leds.o
 .group         0x00000000        0xc ./BSP/bsp_stk_leds.o
 .group         0x00000000        0xc ./BSP/bsp_stk_leds.o
 .group         0x00000000        0xc ./BSP/bsp_stk_leds.o
 .group         0x00000000        0xc ./BSP/bsp_stk_leds.o
 .group         0x00000000        0xc ./BSP/bsp_stk_leds.o
 .group         0x00000000        0xc ./BSP/bsp_stk_leds.o
 .group         0x00000000        0xc ./BSP/bsp_stk_leds.o
 .group         0x00000000        0xc ./BSP/bsp_stk_leds.o
 .group         0x00000000        0xc ./BSP/bsp_stk_leds.o
 .group         0x00000000        0xc ./BSP/bsp_stk_leds.o
 .group         0x00000000        0xc ./BSP/bsp_stk_leds.o
 .group         0x00000000        0xc ./BSP/bsp_stk_leds.o
 .group         0x00000000        0xc ./BSP/bsp_stk_leds.o
 .group         0x00000000        0xc ./BSP/bsp_stk_leds.o
 .group         0x00000000        0xc ./BSP/bsp_stk_leds.o
[...]
Memory Configuration

Name             Origin             Length             Attributes
FLASH            0x00000000         0x00100000         xr
RAM              0x20000000         0x00020000         xrw
*default*        0x00000000         0xffffffff

Linker script and memory map

LOAD c:/siliconlabs/simplicitystudio/v5/developer/toolchains/gnu_arm/7.2_2017q4/bin/../lib/gcc/arm-none-eabi/7.2.1/thumb/v7-m/crti.o
LOAD c:/siliconlabs/simplicitystudio/v5/developer/toolchains/gnu_arm/7.2_2017q4/bin/../lib/gcc/arm-none-eabi/7.2.1/thumb/v7-m/crtbegin.o
LOAD c:/siliconlabs/simplicitystudio/v5/developer/toolchains/gnu_arm/7.2_2017q4/bin/../lib/gcc/arm-none-eabi/7.2.1/../../../../arm-none-eabi/lib/thumb/v7-m/crt0.o
START GROUP
LOAD ./BSP/bsp_stk_leds.o
LOAD ./Drivers/segmentlcd.o
LOAD ./gecko_sdk_3.0.0/platform/Device/SiliconLabs/EFM32GG/Source/GCC/startup_efm32gg.o
LOAD ./gecko_sdk_3.0.0/platform/Device/SiliconLabs/EFM32GG/Source/system_efm32gg.o
LOAD ./gecko_sdk_3.0.0/platform/common/toolchain/src/sl_memory.o
LOAD ./gecko_sdk_3.0.0/platform/emdrv/gpiointerrupt/src/gpiointerrupt.o
LOAD ./gecko_sdk_3.0.0/platform/emlib/src/em_acmp.o
LOAD ./gecko_sdk_3.0.0/platform/emlib/src/em_adc.o
LOAD ./gecko_sdk_3.0.0/platform/emlib/src/em_assert.o
LOAD ./gecko_sdk_3.0.0/platform/emlib/src/em_cmu.o
LOAD ./gecko_sdk_3.0.0/platform/emlib/src/em_core.o
LOAD ./gecko_sdk_3.0.0/platform/emlib/src/em_emu.o
LOAD ./gecko_sdk_3.0.0/platform/emlib/src/em_gpio.o
LOAD ./gecko_sdk_3.0.0/platform/emlib/src/em_lcd.o
LOAD ./gecko_sdk_3.0.0/platform/emlib/src/em_lesense.o
LOAD ./gecko_sdk_3.0.0/platform/emlib/src/em_pcnt.o
LOAD ./gecko_sdk_3.0.0/platform/emlib/src/em_prs.o
LOAD ./gecko_sdk_3.0.0/platform/emlib/src/em_rtc.o
LOAD ./gecko_sdk_3.0.0/platform/emlib/src/em_system.o
LOAD ./src/main.o
LOAD c:/siliconlabs/simplicitystudio/v5/developer/toolchains/gnu_arm/7.2_2017q4/bin/../lib/gcc/arm-none-eabi/7.2.1/thumb/v7-m\libgcc.a
LOAD c:/siliconlabs/simplicitystudio/v5/developer/toolchains/gnu_arm/7.2_2017q4/bin/../lib/gcc/arm-none-eabi/7.2.1/../../../../arm-none-eabi/lib/thumb/v7-m\libc_nano.a
LOAD c:/siliconlabs/simplicitystudio/v5/developer/toolchains/gnu_arm/7.2_2017q4/bin/../lib/gcc/arm-none-eabi/7.2.1/../../../../arm-none-eabi/lib/thumb/v7-m\libm.a
LOAD c:/siliconlabs/simplicitystudio/v5/developer/toolchains/gnu_arm/7.2_2017q4/bin/../lib/gcc/arm-none-eabi/7.2.1/../../../../arm-none-eabi/lib/thumb/v7-m\libnosys.a
END GROUP
START GROUP
LOAD c:/siliconlabs/simplicitystudio/v5/developer/toolchains/gnu_arm/7.2_2017q4/bin/../lib/gcc/arm-none-eabi/7.2.1/thumb/v7-m\libgcc.a
LOAD c:/siliconlabs/simplicitystudio/v5/developer/toolchains/gnu_arm/7.2_2017q4/bin/../lib/gcc/arm-none-eabi/7.2.1/../../../../arm-none-eabi/lib/thumb/v7-m\libc_nano.a
LOAD c:/siliconlabs/simplicitystudio/v5/developer/toolchains/gnu_arm/7.2_2017q4/bin/../lib/gcc/arm-none-eabi/7.2.1/../../../../arm-none-eabi/lib/thumb/v7-m\libnosys.a
END GROUP
START GROUP
LOAD c:/siliconlabs/simplicitystudio/v5/developer/toolchains/gnu_arm/7.2_2017q4/bin/../lib/gcc/arm-none-eabi/7.2.1/thumb/v7-m\libgcc.a
LOAD c:/siliconlabs/simplicitystudio/v5/developer/toolchains/gnu_arm/7.2_2017q4/bin/../lib/gcc/arm-none-eabi/7.2.1/../../../../arm-none-eabi/lib/thumb/v7-m\libg_nano.a
LOAD c:/siliconlabs/simplicitystudio/v5/developer/toolchains/gnu_arm/7.2_2017q4/bin/../lib/gcc/arm-none-eabi/7.2.1/../../../../arm-none-eabi/lib/thumb/v7-m\libc_nano.a
END GROUP
START GROUP
LOAD c:/siliconlabs/simplicitystudio/v5/developer/toolchains/gnu_arm/7.2_2017q4/bin/../lib/gcc/arm-none-eabi/7.2.1/thumb/v7-m\libgcc.a
LOAD c:/siliconlabs/simplicitystudio/v5/developer/toolchains/gnu_arm/7.2_2017q4/bin/../lib/gcc/arm-none-eabi/7.2.1/../../../../arm-none-eabi/lib/thumb/v7-m\libc_nano.a
END GROUP
LOAD c:/siliconlabs/simplicitystudio/v5/developer/toolchains/gnu_arm/7.2_2017q4/bin/../lib/gcc/arm-none-eabi/7.2.1/thumb/v7-m/crtend.o
LOAD c:/siliconlabs/simplicitystudio/v5/developer/toolchains/gnu_arm/7.2_2017q4/bin/../lib/gcc/arm-none-eabi/7.2.1/thumb/v7-m/crtn.o

.text           0x00000000     0x2b68
                0x00000000                linker_vectors_begin = .
 *(.vectors)
 .vectors       0x00000000       0xdc ./gecko_sdk_3.0.0/platform/Device/SiliconLabs/EFM32GG/Source/GCC/startup_efm32gg.o
                0x00000000                __Vectors
                0x000000dc                linker_vectors_end = .
                0x000000dc                __Vectors_End = .
                0x000000dc                __Vectors_Size = (__Vectors_End - __Vectors)
                0x000000dc                linker_code_begin = .
 *(.text*)
 .text          0x000000dc       0x40 c:/siliconlabs/simplicitystudio/v5/developer/toolchains/gnu_arm/7.2_2017q4/bin/../lib/gcc/arm-none-eabi/7.2.1/thumb/v7-m/crtbegin.o
 .text          0x0000011c       0x74 c:/siliconlabs/simplicitystudio/v5/developer/toolchains/gnu_arm/7.2_2017q4/bin/../lib/gcc/arm-none-eabi/7.2.1/../../../../arm-none-eabi/lib/thumb/v7-m/crt0.o
                0x0000011c                _start
                0x0000011c                _mainCRTStartup
 .text.SegmentLCD_AllOff
                0x00000190       0xac ./Drivers/segmentlcd.o
                0x00000190                SegmentLCD_AllOff
 .text.SegmentLCD_AlphaNumberOff
                0x0000023c       0xa8 ./Drivers/segmentlcd.o
                0x0000023c                SegmentLCD_AlphaNumberOff
 .text.SegmentLCD_Disable
                0x000002e4       0x34 ./Drivers/segmentlcd.o
                0x000002e4                SegmentLCD_Disable
 .text.SegmentLCD_Init
                0x00000318       0xac ./Drivers/segmentlcd.o
                0x00000318                SegmentLCD_Init
 .text.SegmentLCD_NumberOff
                0x000003c4       0x4a ./Drivers/segmentlcd.o
                0x000003c4                SegmentLCD_NumberOff
 *fill*         0x0000040e        0x2 
 .text.SegmentLCD_Number
                0x00000410       0xd4 ./Drivers/segmentlcd.o
                0x00000410                SegmentLCD_Number
 .text.SegmentLCD_Symbol
                0x000004e4       0x8e ./Drivers/segmentlcd.o
                0x000004e4                SegmentLCD_Symbol
 *fill*         0x00000572        0x2 
 .text.SegmentLCD_Write
                0x00000574       0x80 ./Drivers/segmentlcd.o
                0x00000574                SegmentLCD_Write
 .text.SegmentLCD_EnergyMode
                0x000005f4       0x28 ./Drivers/segmentlcd.o
                0x000005f4                SegmentLCD_EnergyMode
 .text.Default_Handler
                0x0000061c        0x2 ./gecko_sdk_3.0.0/platform/Device/SiliconLabs/EFM32GG/Source/GCC/startup_efm32gg.o
                0x0000061c                TIMER2_IRQHandler
                0x0000061c                DebugMon_Handler
                0x0000061c                USART0_TX_IRQHandler
                0x0000061c                I2C0_IRQHandler
                0x0000061c                HardFault_Handler
                0x0000061c                LEUART1_IRQHandler
                0x0000061c                SysTick_Handler
                0x0000061c                USART1_RX_IRQHandler
                0x0000061c                PendSV_Handler
                0x0000061c                NMI_Handler
                0x0000061c                I2C1_IRQHandler
                0x0000061c                TIMER3_IRQHandler
                0x0000061c                USART1_TX_IRQHandler
                0x0000061c                MSC_IRQHandler
                0x0000061c                ADC0_IRQHandler
                0x0000061c                UsageFault_Handler
                0x0000061c                LEUART0_IRQHandler
                0x0000061c                UART0_TX_IRQHandler
                0x0000061c                UART1_TX_IRQHandler
                0x0000061c                TIMER0_IRQHandler
                0x0000061c                LCD_IRQHandler
                0x0000061c                PCNT2_IRQHandler
                0x0000061c                UART0_RX_IRQHandler
                0x0000061c                LETIMER0_IRQHandler
                0x0000061c                TIMER1_IRQHandler
                0x0000061c                USART2_RX_IRQHandler
                0x0000061c                Default_Handler
                0x0000061c                EMU_IRQHandler
                0x0000061c                sl_app_properties
                0x0000061c                USB_IRQHandler
                0x0000061c                BURTC_IRQHandler
                0x0000061c                PCNT1_IRQHandler
                0x0000061c                ACMP0_IRQHandler
                0x0000061c                USART0_RX_IRQHandler
                0x0000061c                MemManage_Handler
                0x0000061c                SVC_Handler
                0x0000061c                DAC0_IRQHandler
                0x0000061c                UART1_RX_IRQHandler
                0x0000061c                CMU_IRQHandler
                0x0000061c                EBI_IRQHandler
                0x0000061c                AES_IRQHandler
                0x0000061c                VCMP_IRQHandler
                0x0000061c                DMA_IRQHandler
                0x0000061c                BusFault_Handler
                0x0000061c                USART2_TX_IRQHandler
 *fill*         0x0000061e        0x2 
 .text.Reset_Handler
                0x00000620       0x30 ./gecko_sdk_3.0.0/platform/Device/SiliconLabs/EFM32GG/Source/GCC/startup_efm32gg.o
                0x00000620                Reset_Handler
 .text.SystemMaxCoreClockGet
                0x00000650        0x8 ./gecko_sdk_3.0.0/platform/Device/SiliconLabs/EFM32GG/Source/system_efm32gg.o
                0x00000650                SystemMaxCoreClockGet
 .text.SystemHFClockGet
                0x00000658       0xcc ./gecko_sdk_3.0.0/platform/Device/SiliconLabs/EFM32GG/Source/system_efm32gg.o
                0x00000658                SystemHFClockGet
 .text.SystemCoreClockGet
                0x00000724       0x20 ./gecko_sdk_3.0.0/platform/Device/SiliconLabs/EFM32GG/Source/system_efm32gg.o
                0x00000724                SystemCoreClockGet
 .text.SystemHFXOClockGet
                0x00000744        0xc ./gecko_sdk_3.0.0/platform/Device/SiliconLabs/EFM32GG/Source/system_efm32gg.o
                0x00000744                SystemHFXOClockGet
 .text.SystemInit
                0x00000750       0x10 ./gecko_sdk_3.0.0/platform/Device/SiliconLabs/EFM32GG/Source/system_efm32gg.o
                0x00000750                SystemInit
 .text.SystemLFRCOClockGet
                0x00000760        0x6 ./gecko_sdk_3.0.0/platform/Device/SiliconLabs/EFM32GG/Source/system_efm32gg.o
                0x00000760                SystemLFRCOClockGet
 .text.SystemULFRCOClockGet
                0x00000766        0x6 ./gecko_sdk_3.0.0/platform/Device/SiliconLabs/EFM32GG/Source/system_efm32gg.o
                0x00000766                SystemULFRCOClockGet
 .text.SystemLFXOClockGet
                0x0000076c        0xc ./gecko_sdk_3.0.0/platform/Device/SiliconLabs/EFM32GG/Source/system_efm32gg.o
                0x0000076c                SystemLFXOClockGet
 .text.GPIOINT_IRQDispatcher
                0x00000778       0x2c ./gecko_sdk_3.0.0/platform/emdrv/gpiointerrupt/src/gpiointerrupt.o
 .text.GPIO_EVEN_IRQHandler
                0x000007a4       0x28 ./gecko_sdk_3.0.0/platform/emdrv/gpiointerrupt/src/gpiointerrupt.o
                0x000007a4                GPIO_EVEN_IRQHandler
 .text.GPIO_ODD_IRQHandler
                0x000007cc       0x28 ./gecko_sdk_3.0.0/platform/emdrv/gpiointerrupt/src/gpiointerrupt.o
                0x000007cc                GPIO_ODD_IRQHandler
 .text.ACMP_Disable
                0x000007f4        0xa ./gecko_sdk_3.0.0/platform/emlib/src/em_acmp.o
                0x000007f4                ACMP_Disable
 .text.ACMP_Enable
                0x000007fe        0xa ./gecko_sdk_3.0.0/platform/emlib/src/em_acmp.o
                0x000007fe                ACMP_Enable
 .text.ACMP_GPIOSetup
                0x00000808       0x18 ./gecko_sdk_3.0.0/platform/emlib/src/em_acmp.o
                0x00000808                ACMP_GPIOSetup
 .text.ACMP_ChannelSet
                0x00000820       0x10 ./gecko_sdk_3.0.0/platform/emlib/src/em_acmp.o
                0x00000820                ACMP_ChannelSet
 .text.ACMP_Init
                0x00000830       0x5a ./gecko_sdk_3.0.0/platform/emlib/src/em_acmp.o
                0x00000830                ACMP_Init
 *fill*         0x0000088a        0x2 
 .text.maxFreqHfle
                0x0000088c       0x54 ./gecko_sdk_3.0.0/platform/emlib/src/em_cmu.o
 .text.setHfLeConfig
                0x000008e0       0x44 ./gecko_sdk_3.0.0/platform/emlib/src/em_cmu.o
 .text.getHfLeConfig
                0x00000924        0xc ./gecko_sdk_3.0.0/platform/emlib/src/em_cmu.o
 .text.auxClkGet
                0x00000930       0x8c ./gecko_sdk_3.0.0/platform/emlib/src/em_cmu.o
 .text.flashWaitStateControl
                0x000009bc       0x60 ./gecko_sdk_3.0.0/platform/emlib/src/em_cmu.o
 .text.flashWaitStateMax
                0x00000a1c       0x24 ./gecko_sdk_3.0.0/platform/emlib/src/em_cmu.o
 .text.CMU_UpdateWaitStates
                0x00000a40       0x20 ./gecko_sdk_3.0.0/platform/emlib/src/em_cmu.o
                0x00000a40                CMU_UpdateWaitStates
 .text.CMU_ClockDivGet
                0x00000a60       0xf4 ./gecko_sdk_3.0.0/platform/emlib/src/em_cmu.o
                0x00000a60                CMU_ClockDivGet
 .text.CMU_ClockDivSet
                0x00000b54      0x1ec ./gecko_sdk_3.0.0/platform/emlib/src/em_cmu.o
                0x00000b54                CMU_ClockDivSet
 .text.CMU_ClockEnable
                0x00000d40       0x8c ./gecko_sdk_3.0.0/platform/emlib/src/em_cmu.o
                0x00000d40                CMU_ClockEnable
 .text.CMU_ClockSelectGet
                0x00000dcc       0xf0 ./gecko_sdk_3.0.0/platform/emlib/src/em_cmu.o
                0x00000dcc                CMU_ClockSelectGet
 .text.lfClkGet
                0x00000ebc       0x8c ./gecko_sdk_3.0.0/platform/emlib/src/em_cmu.o
 .text.dbgClkGet
                0x00000f48       0x24 ./gecko_sdk_3.0.0/platform/emlib/src/em_cmu.o
 .text.usbCClkGet
                0x00000f6c       0x30 ./gecko_sdk_3.0.0/platform/emlib/src/em_cmu.o
 .text.CMU_ClockFreqGet
                0x00000f9c      0x15c ./gecko_sdk_3.0.0/platform/emlib/src/em_cmu.o
                0x00000f9c                CMU_ClockFreqGet
 .text.CMU_LCDClkFDIVSet
                0x000010f8       0x20 ./gecko_sdk_3.0.0/platform/emlib/src/em_cmu.o
                0x000010f8                CMU_LCDClkFDIVSet
 .text.CMU_OscillatorEnable
                0x00001118       0x60 ./gecko_sdk_3.0.0/platform/emlib/src/em_cmu.o
                0x00001118                CMU_OscillatorEnable
 .text.CMU_ClockSelectSet
                0x00001178      0x1c4 ./gecko_sdk_3.0.0/platform/emlib/src/em_cmu.o
                0x00001178                CMU_ClockSelectSet
 .text.CMU_PCNTClockExternalSet
                0x0000133c       0x18 ./gecko_sdk_3.0.0/platform/emlib/src/em_cmu.o
                0x0000133c                CMU_PCNTClockExternalSet
 .text.CORE_EnterAtomic
                0x00001354        0x8 ./gecko_sdk_3.0.0/platform/emlib/src/em_core.o
                0x00001354                CORE_EnterAtomic
 .text.CORE_ExitAtomic
                0x0000135c        0x6 ./gecko_sdk_3.0.0/platform/emlib/src/em_core.o
                0x0000135c                CORE_ExitAtomic
 *fill*         0x00001362        0x2 
 .text.emState  0x00001364       0x84 ./gecko_sdk_3.0.0/platform/emlib/src/em_emu.o
 .text.EMU_EM23PresleepHook
                0x000013e8        0x2 ./gecko_sdk_3.0.0/platform/emlib/src/em_emu.o
                0x000013e8                EMU_EM23PresleepHook
 .text.EMU_EM23PostsleepHook
                0x000013ea        0x2 ./gecko_sdk_3.0.0/platform/emlib/src/em_emu.o
                0x000013ea                EMU_EM23PostsleepHook
 .text.EMU_EnterEM2
                0x000013ec       0xa8 ./gecko_sdk_3.0.0/platform/emlib/src/em_emu.o
                0x000013ec                EMU_EnterEM2
 .text.GPIO_DriveModeSet
                0x00001494       0x20 ./gecko_sdk_3.0.0/platform/emlib/src/em_gpio.o
                0x00001494                GPIO_DriveModeSet
 .text.GPIO_ExtIntConfig
                0x000014b4       0x7c ./gecko_sdk_3.0.0/platform/emlib/src/em_gpio.o
                0x000014b4                GPIO_ExtIntConfig
 .text.GPIO_PinModeSet
                0x00001530       0xc8 ./gecko_sdk_3.0.0/platform/emlib/src/em_gpio.o
                0x00001530                GPIO_PinModeSet
 .text.LCD_Init
                0x000015f8       0x3c ./gecko_sdk_3.0.0/platform/emlib/src/em_lcd.o
                0x000015f8                LCD_Init
 .text.LCD_VLCDSelect
                0x00001634       0x1c ./gecko_sdk_3.0.0/platform/emlib/src/em_lcd.o
                0x00001634                LCD_VLCDSelect
 .text.LCD_SegmentRangeEnable
                0x00001650       0x1c ./gecko_sdk_3.0.0/platform/emlib/src/em_lcd.o
                0x00001650                LCD_SegmentRangeEnable
 .text.LCD_SegmentSet
                0x0000166c      0x10c ./gecko_sdk_3.0.0/platform/emlib/src/em_lcd.o
                0x0000166c                LCD_SegmentSet
 .text.LCD_SegmentSetLow
                0x00001778       0x94 ./gecko_sdk_3.0.0/platform/emlib/src/em_lcd.o
                0x00001778                LCD_SegmentSetLow
 .text.LCD_SegmentSetHigh
                0x0000180c       0x94 ./gecko_sdk_3.0.0/platform/emlib/src/em_lcd.o
                0x0000180c                LCD_SegmentSetHigh
 .text.LCD_VBoostSet
                0x000018a0       0x14 ./gecko_sdk_3.0.0/platform/emlib/src/em_lcd.o
                0x000018a0                LCD_VBoostSet
 .text.LESENSE_ScanFreqSet
                0x000018b4       0x58 ./gecko_sdk_3.0.0/platform/emlib/src/em_lesense.o
                0x000018b4                LESENSE_ScanFreqSet
 .text.LESENSE_StartDelaySet
                0x0000190c       0x14 ./gecko_sdk_3.0.0/platform/emlib/src/em_lesense.o
                0x0000190c                LESENSE_StartDelaySet
 .text.LESENSE_ClkDivSet
                0x00001920       0x28 ./gecko_sdk_3.0.0/platform/emlib/src/em_lesense.o
                0x00001920                LESENSE_ClkDivSet
 .text.LESENSE_AltExConfig
                0x00001948       0x84 ./gecko_sdk_3.0.0/platform/emlib/src/em_lesense.o
                0x00001948                LESENSE_AltExConfig
 .text.LESENSE_ChannelTimingSet
                0x000019cc       0x18 ./gecko_sdk_3.0.0/platform/emlib/src/em_lesense.o
                0x000019cc                LESENSE_ChannelTimingSet
 .text.LESENSE_ChannelThresSet
                0x000019e4       0x34 ./gecko_sdk_3.0.0/platform/emlib/src/em_lesense.o
                0x000019e4                LESENSE_ChannelThresSet
 .text.LESENSE_ChannelConfig
                0x00001a18       0xa8 ./gecko_sdk_3.0.0/platform/emlib/src/em_lesense.o
                0x00001a18                LESENSE_ChannelConfig
 .text.LESENSE_ChannelAllConfig
                0x00001ac0       0x1a ./gecko_sdk_3.0.0/platform/emlib/src/em_lesense.o
                0x00001ac0                LESENSE_ChannelAllConfig
 *fill*         0x00001ada        0x2 
 .text.LESENSE_DecoderStateSet
                0x00001adc       0x10 ./gecko_sdk_3.0.0/platform/emlib/src/em_lesense.o
                0x00001adc                LESENSE_DecoderStateSet
 .text.LESENSE_ScanStart
                0x00001aec       0x20 ./gecko_sdk_3.0.0/platform/emlib/src/em_lesense.o
                0x00001aec                LESENSE_ScanStart
 .text.LESENSE_ScanModeSet
                0x00001b0c       0x1c ./gecko_sdk_3.0.0/platform/emlib/src/em_lesense.o
                0x00001b0c                LESENSE_ScanModeSet
 .text.LESENSE_Reset
                0x00001b28       0x88 ./gecko_sdk_3.0.0/platform/emlib/src/em_lesense.o
                0x00001b28                LESENSE_Reset
 .text.LESENSE_Init
                0x00001bb0      0x100 ./gecko_sdk_3.0.0/platform/emlib/src/em_lesense.o
                0x00001bb0                LESENSE_Init
 .text.PCNT_CounterReset
                0x00001cb0       0x14 ./gecko_sdk_3.0.0/platform/emlib/src/em_pcnt.o
                0x00001cb0                PCNT_CounterReset
 .text.PCNT_CounterTopSet
                0x00001cc4       0x9c ./gecko_sdk_3.0.0/platform/emlib/src/em_pcnt.o
                0x00001cc4                PCNT_CounterTopSet
 .text.PCNT_Enable
                0x00001d60       0x1c ./gecko_sdk_3.0.0/platform/emlib/src/em_pcnt.o
                0x00001d60                PCNT_Enable
 .text.PCNT_PRSInputEnable
                0x00001d7c       0x28 ./gecko_sdk_3.0.0/platform/emlib/src/em_pcnt.o
                0x00001d7c                PCNT_PRSInputEnable
 .text.PCNT_Init
                0x00001da4      0x10a ./gecko_sdk_3.0.0/platform/emlib/src/em_pcnt.o
                0x00001da4                PCNT_Init
 .text.PCNT_TopSet
                0x00001eae       0x28 ./gecko_sdk_3.0.0/platform/emlib/src/em_pcnt.o
                0x00001eae                PCNT_TopSet
 *fill*         0x00001ed6        0x2 
 .text.PRS_ConnectSignal
                0x00001ed8       0x28 ./gecko_sdk_3.0.0/platform/emlib/src/em_prs.o
                0x00001ed8                PRS_ConnectSignal
 .text.PRS_SourceAsyncSignalSet
                0x00001f00        0xc ./gecko_sdk_3.0.0/platform/emlib/src/em_prs.o
                0x00001f00                PRS_SourceAsyncSignalSet
 .text.RTC_CompareSet
                0x00001f0c       0x1c ./gecko_sdk_3.0.0/platform/emlib/src/em_rtc.o
                0x00001f0c                RTC_CompareSet
 .text.RTC_Enable
                0x00001f28        0x8 ./gecko_sdk_3.0.0/platform/emlib/src/em_rtc.o
                0x00001f28                RTC_Enable
 .text.RTC_Init
                0x00001f30       0x24 ./gecko_sdk_3.0.0/platform/emlib/src/em_rtc.o
                0x00001f30                RTC_Init
 .text.SYSTEM_ChipRevisionGet
                0x00001f54       0x34 ./gecko_sdk_3.0.0/platform/emlib/src/em_system.o
                0x00001f54                SYSTEM_ChipRevisionGet
 .text.setupCMU
                0x00001f88       0xac ./src/main.o
                0x00001f88                setupCMU
 .text.setupGPIO
                0x00002034       0x5c ./src/main.o
                0x00002034                setupGPIO
 .text.setupACMP
                0x00002090       0x2c ./src/main.o
                0x00002090                setupACMP
 .text.setupLESENSE
                0x000020bc       0x38 ./src/main.o
                0x000020bc                setupLESENSE
 .text.setupPRS
                0x000020f4       0x1c ./src/main.o
                0x000020f4                setupPRS
 .text.setupPCNT
                0x00002110       0x30 ./src/main.o
                0x00002110                setupPCNT
 .text.setupRTC
                0x00002140       0x3c ./src/main.o
                0x00002140                setupRTC
 .text.main     0x0000217c      0x2d4 ./src/main.o
                0x0000217c                main
 .text.LESENSE_IRQHandler
                0x00002450       0x58 ./src/main.o
                0x00002450                LESENSE_IRQHandler
 .text.PCNT0_IRQHandler
                0x000024a8       0x34 ./src/main.o
                0x000024a8                PCNT0_IRQHandler
 .text.RTC_IRQHandler
                0x000024dc       0x24 ./src/main.o
                0x000024dc                RTC_IRQHandler
 .text.abs      0x00002500        0x8 c:/siliconlabs/simplicitystudio/v5/developer/toolchains/gnu_arm/7.2_2017q4/bin/../lib/gcc/arm-none-eabi/7.2.1/../../../../arm-none-eabi/lib/thumb/v7-m\libc_nano.a(lib_a-abs.o)
                0x00002500                abs
 .text.exit     0x00002508       0x28 c:/siliconlabs/simplicitystudio/v5/developer/toolchains/gnu_arm/7.2_2017q4/bin/../lib/gcc/arm-none-eabi/7.2.1/../../../../arm-none-eabi/lib/thumb/v7-m\libc_nano.a(lib_a-exit.o)
                0x00002508                exit
 .text.__libc_init_array
                0x00002530       0x48 c:/siliconlabs/simplicitystudio/v5/developer/toolchains/gnu_arm/7.2_2017q4/bin/../lib/gcc/arm-none-eabi/7.2.1/../../../../arm-none-eabi/lib/thumb/v7-m\libc_nano.a(lib_a-init.o)
                0x00002530                __libc_init_array
 .text.memset   0x00002578       0x10 c:/siliconlabs/simplicitystudio/v5/developer/toolchains/gnu_arm/7.2_2017q4/bin/../lib/gcc/arm-none-eabi/7.2.1/../../../../arm-none-eabi/lib/thumb/v7-m\libc_nano.a(lib_a-memset.o)
                0x00002578                memset
 .text          0x00002588       0x10 c:/siliconlabs/simplicitystudio/v5/developer/toolchains/gnu_arm/7.2_2017q4/bin/../lib/gcc/arm-none-eabi/7.2.1/../../../../arm-none-eabi/lib/thumb/v7-m\libc_nano.a(lib_a-strlen.o)
                0x00002588                strlen
 .text._exit    0x00002598        0x4 c:/siliconlabs/simplicitystudio/v5/developer/toolchains/gnu_arm/7.2_2017q4/bin/../lib/gcc/arm-none-eabi/7.2.1/../../../../arm-none-eabi/lib/thumb/v7-m\libnosys.a(_exit.o)
                0x00002598                _exit
                0x0000259c                linker_code_end = .
 *(.init)
 .init          0x0000259c        0x4 c:/siliconlabs/simplicitystudio/v5/developer/toolchains/gnu_arm/7.2_2017q4/bin/../lib/gcc/arm-none-eabi/7.2.1/thumb/v7-m/crti.o
                0x0000259c                _init
 .init          0x000025a0        0x8 c:/siliconlabs/simplicitystudio/v5/developer/toolchains/gnu_arm/7.2_2017q4/bin/../lib/gcc/arm-none-eabi/7.2.1/thumb/v7-m/crtn.o
 *(.fini)
 .fini          0x000025a8        0x4 c:/siliconlabs/simplicitystudio/v5/developer/toolchains/gnu_arm/7.2_2017q4/bin/../lib/gcc/arm-none-eabi/7.2.1/thumb/v7-m/crti.o
                0x000025a8                _fini
 .fini          0x000025ac        0x8 c:/siliconlabs/simplicitystudio/v5/developer/toolchains/gnu_arm/7.2_2017q4/bin/../lib/gcc/arm-none-eabi/7.2.1/thumb/v7-m/crtn.o
 *crtbegin.o(.ctors)
 *crtbegin?.o(.ctors)
 *(EXCLUDE_FILE(*crtend.o *crtend?.o) .ctors)
 *(SORT_BY_NAME(.ctors.*))
 *(.ctors)
 *crtbegin.o(.dtors)
 *crtbegin?.o(.dtors)
 *(EXCLUDE_FILE(*crtend.o *crtend?.o) .dtors)
 *(SORT_BY_NAME(.dtors.*))
 *(.dtors)
 *(.rodata*)
 .rodata.EFM_Display
                0x000025b4      0x1fe ./Drivers/segmentlcd.o
 *fill*         0x000027b2        0x2 
 .rodata.Segment_Alphabet
                0x000027b4       0xb8 ./Drivers/segmentlcd.o
 .rodata.Segment_Numbers
                0x0000286c       0x22 ./Drivers/segmentlcd.o
 *fill*         0x0000288e        0x2 
 .rodata.lcdInit
                0x00002890       0x14 ./Drivers/segmentlcd.o
 .rodata.initACMP.6811
                0x000028a4       0x18 ./src/main.o
 .rodata.initAltEx.6816
                0x000028bc       0x31 ./src/main.o
 *fill*         0x000028ed        0x3 
 .rodata.initChs.6815
                0x000028f0      0x200 ./src/main.o
 .rodata.initLESENSE.6817
                0x00002af0       0x40 ./src/main.o
 .rodata.initPCNT.6824
                0x00002b30       0x18 ./src/main.o
 .rodata.initRTC.6828
                0x00002b48        0x3 ./src/main.o
 *fill*         0x00002b4b        0x1 
 .rodata.main.str1.4
                0x00002b4c       0x18 ./src/main.o
                                 0x16 (size before relaxing)
 .rodata._global_impure_ptr
                0x00002b64        0x4 c:/siliconlabs/simplicitystudio/v5/developer/toolchains/gnu_arm/7.2_2017q4/bin/../lib/gcc/arm-none-eabi/7.2.1/../../../../arm-none-eabi/lib/thumb/v7-m\libc_nano.a(lib_a-impure.o)
                0x00002b64                _global_impure_ptr
 *(.eh_frame*)
 .eh_frame      0x00002b68        0x0 c:/siliconlabs/simplicitystudio/v5/developer/toolchains/gnu_arm/7.2_2017q4/bin/../lib/gcc/arm-none-eabi/7.2.1/thumb/v7-m/crtbegin.o

.glue_7         0x00002b68        0x0
 .glue_7        0x00002b68        0x0 linker stubs

.glue_7t        0x00002b68        0x0
 .glue_7t       0x00002b68        0x0 linker stubs

.vfp11_veneer   0x00002b68        0x0
 .vfp11_veneer  0x00002b68        0x0 linker stubs

.v4_bx          0x00002b68        0x0
 .v4_bx         0x00002b68        0x0 linker stubs

.iplt           0x00002b68        0x0
 .iplt          0x00002b68        0x0 c:/siliconlabs/simplicitystudio/v5/developer/toolchains/gnu_arm/7.2_2017q4/bin/../lib/gcc/arm-none-eabi/7.2.1/thumb/v7-m/crtbegin.o

.ARM.extab
 *(.ARM.extab* .gnu.linkonce.armextab.*)
                0x00002b68                __exidx_start = .

.ARM.exidx      0x00002b68        0x8
 *(.ARM.exidx* .gnu.linkonce.armexidx.*)
 .ARM.exidx     0x00002b68        0x8 c:/siliconlabs/simplicitystudio/v5/developer/toolchains/gnu_arm/7.2_2017q4/bin/../lib/gcc/arm-none-eabi/7.2.1/../../../../arm-none-eabi/lib/thumb/v7-m/crt0.o
                0x00002b70                __exidx_end = .
                0x00002b70                __etext = .

.rel.dyn        0x00002b70        0x0
 .rel.iplt      0x00002b70        0x0 c:/siliconlabs/simplicitystudio/v5/developer/toolchains/gnu_arm/7.2_2017q4/bin/../lib/gcc/arm-none-eabi/7.2.1/thumb/v7-m/crtbegin.o
                0x20000000                . = ORIGIN (RAM)

.stack          0x20000000     0x1000
                0x20000000                __StackLimit = .
 *(.stack*)
 .stack         0x20000000        0x0 ./gecko_sdk_3.0.0/platform/Device/SiliconLabs/EFM32GG/Source/GCC/startup_efm32gg.o
 .stack         0x20000000     0x1000 ./gecko_sdk_3.0.0/platform/common/toolchain/src/sl_memory.o
                0x20001000                . = ALIGN (0x4)
                0x20001000                __StackTop = .
                0x20001000                PROVIDE (__stack, __StackTop)

.noinit
 *(.noinit*)

.data           0x20001000       0x74 load address 0x00002b70
                0x20001000                . = ALIGN (0x4)
                0x20001000                __data_start__ = .
 *(vtable)
 *(.data*)
 .data.SystemCoreClock
                0x20001000        0x4 ./gecko_sdk_3.0.0/platform/Device/SiliconLabs/EFM32GG/Source/system_efm32gg.o
                0x20001000                SystemCoreClock
 .data.SystemHFXOClock
                0x20001004        0x4 ./gecko_sdk_3.0.0/platform/Device/SiliconLabs/EFM32GG/Source/system_efm32gg.o
 .data.SystemLFXOClock
                0x20001008        0x4 ./gecko_sdk_3.0.0/platform/Device/SiliconLabs/EFM32GG/Source/system_efm32gg.o
 .data.impure_data
                0x2000100c       0x60 c:/siliconlabs/simplicitystudio/v5/developer/toolchains/gnu_arm/7.2_2017q4/bin/../lib/gcc/arm-none-eabi/7.2.1/../../../../arm-none-eabi/lib/thumb/v7-m\libc_nano.a(lib_a-impure.o)
                0x2000106c                . = ALIGN (0x4)
                [!provide]                PROVIDE (__ram_func_section_start, .)
 *(.ram)
                [!provide]                PROVIDE (__ram_func_section_end, .)
                0x2000106c                . = ALIGN (0x4)
                0x2000106c                PROVIDE (__preinit_array_start, .)
 *(.preinit_array)
                0x2000106c                PROVIDE (__preinit_array_end, .)
                0x2000106c                . = ALIGN (0x4)
                0x2000106c                PROVIDE (__init_array_start, .)
 *(SORT_BY_NAME(.init_array.*))
 *(.init_array)
 .init_array    0x2000106c        0x4 c:/siliconlabs/simplicitystudio/v5/developer/toolchains/gnu_arm/7.2_2017q4/bin/../lib/gcc/arm-none-eabi/7.2.1/thumb/v7-m/crtbegin.o
                0x20001070                PROVIDE (__init_array_end, .)
                0x20001070                . = ALIGN (0x4)
                [!provide]                PROVIDE (__fini_array_start, .)
 *(SORT_BY_NAME(.fini_array.*))
 *(.fini_array)
 .fini_array    0x20001070        0x4 c:/siliconlabs/simplicitystudio/v5/developer/toolchains/gnu_arm/7.2_2017q4/bin/../lib/gcc/arm-none-eabi/7.2.1/thumb/v7-m/crtbegin.o
                [!provide]                PROVIDE (__fini_array_end, .)
                0x20001074                . = ALIGN (0x4)
                0x20001074                __data_end__ = .

.igot.plt       0x20001074        0x0 load address 0x00002be4
 .igot.plt      0x20001074        0x0 c:/siliconlabs/simplicitystudio/v5/developer/toolchains/gnu_arm/7.2_2017q4/bin/../lib/gcc/arm-none-eabi/7.2.1/thumb/v7-m/crtbegin.o

.bss            0x20001074       0x68 load address 0x00002be4
                0x20001074                . = ALIGN (0x4)
                0x20001074                __bss_start__ = .
 *(.bss*)
 .bss           0x20001074       0x1c c:/siliconlabs/simplicitystudio/v5/developer/toolchains/gnu_arm/7.2_2017q4/bin/../lib/gcc/arm-none-eabi/7.2.1/thumb/v7-m/crtbegin.o
 .bss.gpioCallbacks
                0x20001090       0x40 ./gecko_sdk_3.0.0/platform/emdrv/gpiointerrupt/src/gpiointerrupt.o
 .bss.cmuStatus.5812
                0x200010d0        0x4 ./gecko_sdk_3.0.0/platform/emlib/src/em_emu.o
 .bss.hfClock.5813
                0x200010d4        0x1 ./gecko_sdk_3.0.0/platform/emlib/src/em_emu.o
 .bss.appModeGlobal
                0x200010d5        0x1 ./src/main.o
 .bss.appStateGlobal
                0x200010d6        0x1 ./src/main.o
 .bss.eventCounter
                0x200010d7        0x1 ./src/main.o
 .bss.secTimerFired
                0x200010d8        0x1 ./src/main.o
 *(COMMON)
                0x200010dc                . = ALIGN (0x4)
 *fill*         0x200010d9        0x3 
                0x200010dc                __bss_end__ = .

.heap           0x200010e0    0x1ef20
                0x200010e0                __HeapBase = .
                0x200010e0                __end__ = .
                0x200010e0                end = __end__
                0x200010e0                _end = __end__
 *(.heap*)
 .heap          0x200010e0      0x800 ./gecko_sdk_3.0.0/platform/common/toolchain/src/sl_memory.o
                0x20020000                . = (ORIGIN (RAM) + LENGTH (RAM))
 *fill*         0x200018e0    0x1e720 
                0x20020000                __HeapLimit = .
                0x0001ef20                __heap_size = (__HeapLimit - __HeapBase)

.internal_storage
                0x00002b70        0x0
 *(.internal_storage*)

.nvm            0x00002b70        0x0
 *(.simee*)
                0x00100000                linker_nvm_end = (ORIGIN (FLASH) + LENGTH (FLASH))
                0x00100000                linker_nvm_begin = (linker_nvm_end - SIZEOF (.nvm))
                0x00000000                linker_nvm_size = SIZEOF (.nvm)
                0x00100000                linker_storage_end = linker_nvm_begin
                0x00100000                linker_storage_begin = (linker_storage_end - SIZEOF (.internal_storage))
                0x00000000                linker_storage_size = SIZEOF (.internal_storage)
                0x00100000                __nvm3Base = linker_nvm_begin
                0x00000001                ASSERT ((LENGTH (FLASH) >= (__etext + SIZEOF (.data))), FLASH memory overflowed !)
                0x00000001                ASSERT (((ORIGIN (RAM) + LENGTH (RAM)) >= (__HeapBase + SIZEOF (.heap))), RAM memory overflowed !)
OUTPUT(EFM32LightControl.axf elf32-littlearm)

.ARM.attributes
                0x00000000       0x29
 .ARM.attributes
                0x00000000       0x1d c:/siliconlabs/simplicitystudio/v5/developer/toolchains/gnu_arm/7.2_2017q4/bin/../lib/gcc/arm-none-eabi/7.2.1/thumb/v7-m/crti.o
 .ARM.attributes
                0x0000001d       0x2d c:/siliconlabs/simplicitystudio/v5/developer/toolchains/gnu_arm/7.2_2017q4/bin/../lib/gcc/arm-none-eabi/7.2.1/thumb/v7-m/crtbegin.o
 .ARM.attributes
                0x0000004a       0x1b c:/siliconlabs/simplicitystudio/v5/developer/toolchains/gnu_arm/7.2_2017q4/bin/../lib/gcc/arm-none-eabi/7.2.1/../../../../arm-none-eabi/lib/thumb/v7-m/crt0.o
 .ARM.attributes
                0x00000065       0x33 ./Drivers/segmentlcd.o
 .ARM.attributes
                0x00000098       0x33 ./gecko_sdk_3.0.0/platform/Device/SiliconLabs/EFM32GG/Source/GCC/startup_efm32gg.o
 .ARM.attributes
                0x000000cb       0x33 ./gecko_sdk_3.0.0/platform/Device/SiliconLabs/EFM32GG/Source/system_efm32gg.o
 .ARM.attributes
                0x000000fe       0x33 ./gecko_sdk_3.0.0/platform/common/toolchain/src/sl_memory.o
 .ARM.attributes
                0x00000131       0x33 ./gecko_sdk_3.0.0/platform/emdrv/gpiointerrupt/src/gpiointerrupt.o
 .ARM.attributes
                0x00000164       0x33 ./gecko_sdk_3.0.0/platform/emlib/src/em_acmp.o
 .ARM.attributes
                0x00000197       0x33 ./gecko_sdk_3.0.0/platform/emlib/src/em_cmu.o
 .ARM.attributes
                0x000001ca       0x33 ./gecko_sdk_3.0.0/platform/emlib/src/em_core.o
 .ARM.attributes
                0x000001fd       0x33 ./gecko_sdk_3.0.0/platform/emlib/src/em_emu.o
 .ARM.attributes
                0x00000230       0x33 ./gecko_sdk_3.0.0/platform/emlib/src/em_gpio.o
 .ARM.attributes
                0x00000263       0x33 ./gecko_sdk_3.0.0/platform/emlib/src/em_lcd.o
 .ARM.attributes
                0x00000296       0x33 ./gecko_sdk_3.0.0/platform/emlib/src/em_lesense.o
 .ARM.attributes
                0x000002c9       0x33 ./gecko_sdk_3.0.0/platform/emlib/src/em_pcnt.o
 .ARM.attributes
                0x000002fc       0x33 ./gecko_sdk_3.0.0/platform/emlib/src/em_prs.o
 .ARM.attributes
                0x0000032f       0x33 ./gecko_sdk_3.0.0/platform/emlib/src/em_rtc.o
 .ARM.attributes
                0x00000362       0x33 ./gecko_sdk_3.0.0/platform/emlib/src/em_system.o
 .ARM.attributes
                0x00000395       0x33 ./src/main.o
 .ARM.attributes
                0x000003c8       0x2d c:/siliconlabs/simplicitystudio/v5/developer/toolchains/gnu_arm/7.2_2017q4/bin/../lib/gcc/arm-none-eabi/7.2.1/../../../../arm-none-eabi/lib/thumb/v7-m\libc_nano.a(lib_a-abs.o)
 .ARM.attributes
                0x000003f5       0x2d c:/siliconlabs/simplicitystudio/v5/developer/toolchains/gnu_arm/7.2_2017q4/bin/../lib/gcc/arm-none-eabi/7.2.1/../../../../arm-none-eabi/lib/thumb/v7-m\libc_nano.a(lib_a-exit.o)
 .ARM.attributes
                0x00000422       0x2d c:/siliconlabs/simplicitystudio/v5/developer/toolchains/gnu_arm/7.2_2017q4/bin/../lib/gcc/arm-none-eabi/7.2.1/../../../../arm-none-eabi/lib/thumb/v7-m\libc_nano.a(lib_a-impure.o)
 .ARM.attributes
                0x0000044f       0x2d c:/siliconlabs/simplicitystudio/v5/developer/toolchains/gnu_arm/7.2_2017q4/bin/../lib/gcc/arm-none-eabi/7.2.1/../../../../arm-none-eabi/lib/thumb/v7-m\libc_nano.a(lib_a-init.o)
 .ARM.attributes
                0x0000047c       0x2d c:/siliconlabs/simplicitystudio/v5/developer/toolchains/gnu_arm/7.2_2017q4/bin/../lib/gcc/arm-none-eabi/7.2.1/../../../../arm-none-eabi/lib/thumb/v7-m\libc_nano.a(lib_a-memset.o)
 .ARM.attributes
                0x000004a9       0x17 c:/siliconlabs/simplicitystudio/v5/developer/toolchains/gnu_arm/7.2_2017q4/bin/../lib/gcc/arm-none-eabi/7.2.1/../../../../arm-none-eabi/lib/thumb/v7-m\libc_nano.a(lib_a-strlen.o)
 .ARM.attributes
                0x000004c0       0x2d c:/siliconlabs/simplicitystudio/v5/developer/toolchains/gnu_arm/7.2_2017q4/bin/../lib/gcc/arm-none-eabi/7.2.1/../../../../arm-none-eabi/lib/thumb/v7-m\libnosys.a(_exit.o)
 .ARM.attributes
                0x000004ed       0x1d c:/siliconlabs/simplicitystudio/v5/developer/toolchains/gnu_arm/7.2_2017q4/bin/../lib/gcc/arm-none-eabi/7.2.1/thumb/v7-m/crtn.o

.comment        0x00000000       0x7e
 .comment       0x00000000       0x7e ./Drivers/segmentlcd.o
                                 0x7f (size before relaxing)
 .comment       0x0000007e       0x7f ./gecko_sdk_3.0.0/platform/Device/SiliconLabs/EFM32GG/Source/GCC/startup_efm32gg.o
 .comment       0x0000007e       0x7f ./gecko_sdk_3.0.0/platform/Device/SiliconLabs/EFM32GG/Source/system_efm32gg.o
 .comment       0x0000007e       0x7f ./gecko_sdk_3.0.0/platform/common/toolchain/src/sl_memory.o
 .comment       0x0000007e       0x7f ./gecko_sdk_3.0.0/platform/emdrv/gpiointerrupt/src/gpiointerrupt.o
 .comment       0x0000007e       0x7f ./gecko_sdk_3.0.0/platform/emlib/src/em_acmp.o
 .comment       0x0000007e       0x7f ./gecko_sdk_3.0.0/platform/emlib/src/em_cmu.o
 .comment       0x0000007e       0x7f ./gecko_sdk_3.0.0/platform/emlib/src/em_core.o
 .comment       0x0000007e       0x7f ./gecko_sdk_3.0.0/platform/emlib/src/em_emu.o
 .comment       0x0000007e       0x7f ./gecko_sdk_3.0.0/platform/emlib/src/em_gpio.o
 .comment       0x0000007e       0x7f ./gecko_sdk_3.0.0/platform/emlib/src/em_lcd.o
 .comment       0x0000007e       0x7f ./gecko_sdk_3.0.0/platform/emlib/src/em_lesense.o
 .comment       0x0000007e       0x7f ./gecko_sdk_3.0.0/platform/emlib/src/em_pcnt.o
 .comment       0x0000007e       0x7f ./gecko_sdk_3.0.0/platform/emlib/src/em_prs.o
 .comment       0x0000007e       0x7f ./gecko_sdk_3.0.0/platform/emlib/src/em_rtc.o
 .comment       0x0000007e       0x7f ./gecko_sdk_3.0.0/platform/emlib/src/em_system.o
 .comment       0x0000007e       0x7f ./src/main.o

.debug_info     0x00000000     0xfdca
 .debug_info    0x00000000     0x29ba ./Drivers/segmentlcd.o
 .debug_info    0x000029ba      0x28d ./gecko_sdk_3.0.0/platform/Device/SiliconLabs/EFM32GG/Source/GCC/startup_efm32gg.o
 .debug_info    0x00002c47      0x7cf ./gecko_sdk_3.0.0/platform/Device/SiliconLabs/EFM32GG/Source/system_efm32gg.o
 .debug_info    0x00003416      0x1e4 ./gecko_sdk_3.0.0/platform/common/toolchain/src/sl_memory.o
 .debug_info    0x000035fa      0x903 ./gecko_sdk_3.0.0/platform/emdrv/gpiointerrupt/src/gpiointerrupt.o
 .debug_info    0x00003efd      0x750 ./gecko_sdk_3.0.0/platform/emlib/src/em_acmp.o
 .debug_info    0x0000464d     0x2108 ./gecko_sdk_3.0.0/platform/emlib/src/em_cmu.o
 .debug_info    0x00006755      0xe2f ./gecko_sdk_3.0.0/platform/emlib/src/em_core.o
 .debug_info    0x00007584     0x1380 ./gecko_sdk_3.0.0/platform/emlib/src/em_emu.o
 .debug_info    0x00008904      0x8be ./gecko_sdk_3.0.0/platform/emlib/src/em_gpio.o
 .debug_info    0x000091c2      0xf52 ./gecko_sdk_3.0.0/platform/emlib/src/em_lcd.o
 .debug_info    0x0000a114     0x17fd ./gecko_sdk_3.0.0/platform/emlib/src/em_lesense.o
 .debug_info    0x0000b911      0xbda ./gecko_sdk_3.0.0/platform/emlib/src/em_pcnt.o
 .debug_info    0x0000c4eb      0x62d ./gecko_sdk_3.0.0/platform/emlib/src/em_prs.o
 .debug_info    0x0000cb18      0x3e5 ./gecko_sdk_3.0.0/platform/emlib/src/em_rtc.o
 .debug_info    0x0000cefd      0x32f ./gecko_sdk_3.0.0/platform/emlib/src/em_system.o
 .debug_info    0x0000d22c     0x2b9e ./src/main.o

.debug_abbrev   0x00000000     0x2d3b
 .debug_abbrev  0x00000000      0x34e ./Drivers/segmentlcd.o
 .debug_abbrev  0x0000034e      0x149 ./gecko_sdk_3.0.0/platform/Device/SiliconLabs/EFM32GG/Source/GCC/startup_efm32gg.o
 .debug_abbrev  0x00000497      0x229 ./gecko_sdk_3.0.0/platform/Device/SiliconLabs/EFM32GG/Source/system_efm32gg.o
 .debug_abbrev  0x000006c0      0x107 ./gecko_sdk_3.0.0/platform/common/toolchain/src/sl_memory.o
 .debug_abbrev  0x000007c7      0x2b2 ./gecko_sdk_3.0.0/platform/emdrv/gpiointerrupt/src/gpiointerrupt.o
 .debug_abbrev  0x00000a79      0x28c ./gecko_sdk_3.0.0/platform/emlib/src/em_acmp.o
 .debug_abbrev  0x00000d05      0x3eb ./gecko_sdk_3.0.0/platform/emlib/src/em_cmu.o
 .debug_abbrev  0x000010f0      0x2f2 ./gecko_sdk_3.0.0/platform/emlib/src/em_core.o
 .debug_abbrev  0x000013e2      0x368 ./gecko_sdk_3.0.0/platform/emlib/src/em_emu.o
 .debug_abbrev  0x0000174a      0x2bf ./gecko_sdk_3.0.0/platform/emlib/src/em_gpio.o
 .debug_abbrev  0x00001a09      0x320 ./gecko_sdk_3.0.0/platform/emlib/src/em_lcd.o
 .debug_abbrev  0x00001d29      0x327 ./gecko_sdk_3.0.0/platform/emlib/src/em_lesense.o
 .debug_abbrev  0x00002050      0x2f5 ./gecko_sdk_3.0.0/platform/emlib/src/em_pcnt.o
 .debug_abbrev  0x00002345      0x26e ./gecko_sdk_3.0.0/platform/emlib/src/em_prs.o
 .debug_abbrev  0x000025b3      0x236 ./gecko_sdk_3.0.0/platform/emlib/src/em_rtc.o
 .debug_abbrev  0x000027e9      0x196 ./gecko_sdk_3.0.0/platform/emlib/src/em_system.o
 .debug_abbrev  0x0000297f      0x3bc ./src/main.o

.debug_loc      0x00000000     0x713b
 .debug_loc     0x00000000     0x1398 ./Drivers/segmentlcd.o
 .debug_loc     0x00001398       0x73 ./gecko_sdk_3.0.0/platform/Device/SiliconLabs/EFM32GG/Source/GCC/startup_efm32gg.o
 .debug_loc     0x0000140b      0x11e ./gecko_sdk_3.0.0/platform/Device/SiliconLabs/EFM32GG/Source/system_efm32gg.o
 .debug_loc     0x00001529       0x34 ./gecko_sdk_3.0.0/platform/common/toolchain/src/sl_memory.o
 .debug_loc     0x0000155d      0x1f9 ./gecko_sdk_3.0.0/platform/emdrv/gpiointerrupt/src/gpiointerrupt.o
 .debug_loc     0x00001756      0x24e ./gecko_sdk_3.0.0/platform/emlib/src/em_acmp.o
 .debug_loc     0x000019a4     0x1ee3 ./gecko_sdk_3.0.0/platform/emlib/src/em_cmu.o
 .debug_loc     0x00003887      0x4f2 ./gecko_sdk_3.0.0/platform/emlib/src/em_core.o
 .debug_loc     0x00003d79      0x628 ./gecko_sdk_3.0.0/platform/emlib/src/em_emu.o
 .debug_loc     0x000043a1      0x693 ./gecko_sdk_3.0.0/platform/emlib/src/em_gpio.o
 .debug_loc     0x00004a34      0xe26 ./gecko_sdk_3.0.0/platform/emlib/src/em_lcd.o
 .debug_loc     0x0000585a      0x9ea ./gecko_sdk_3.0.0/platform/emlib/src/em_lesense.o
 .debug_loc     0x00006244      0x794 ./gecko_sdk_3.0.0/platform/emlib/src/em_pcnt.o
 .debug_loc     0x000069d8      0x2d9 ./gecko_sdk_3.0.0/platform/emlib/src/em_prs.o
 .debug_loc     0x00006cb1      0x119 ./gecko_sdk_3.0.0/platform/emlib/src/em_rtc.o
 .debug_loc     0x00006dca       0xab ./gecko_sdk_3.0.0/platform/emlib/src/em_system.o
 .debug_loc     0x00006e75      0x2c6 ./src/main.o

.debug_aranges  0x00000000      0x800
 .debug_aranges
                0x00000000       0xa8 ./Drivers/segmentlcd.o
 .debug_aranges
                0x000000a8       0x28 ./gecko_sdk_3.0.0/platform/Device/SiliconLabs/EFM32GG/Source/GCC/startup_efm32gg.o
 .debug_aranges
                0x000000d0       0x68 ./gecko_sdk_3.0.0/platform/Device/SiliconLabs/EFM32GG/Source/system_efm32gg.o
 .debug_aranges
                0x00000138       0x30 ./gecko_sdk_3.0.0/platform/common/toolchain/src/sl_memory.o
 .debug_aranges
                0x00000168       0x40 ./gecko_sdk_3.0.0/platform/emdrv/gpiointerrupt/src/gpiointerrupt.o
 .debug_aranges
                0x000001a8       0x58 ./gecko_sdk_3.0.0/platform/emlib/src/em_acmp.o
 .debug_aranges
                0x00000200      0x140 ./gecko_sdk_3.0.0/platform/emlib/src/em_cmu.o
 .debug_aranges
                0x00000340       0xe0 ./gecko_sdk_3.0.0/platform/emlib/src/em_core.o
 .debug_aranges
                0x00000420       0xb0 ./gecko_sdk_3.0.0/platform/emlib/src/em_emu.o
 .debug_aranges
                0x000004d0       0x48 ./gecko_sdk_3.0.0/platform/emlib/src/em_gpio.o
 .debug_aranges
                0x00000518       0x88 ./gecko_sdk_3.0.0/platform/emlib/src/em_lcd.o
 .debug_aranges
                0x000005a0       0xc0 ./gecko_sdk_3.0.0/platform/emlib/src/em_lesense.o
 .debug_aranges
                0x00000660       0x60 ./gecko_sdk_3.0.0/platform/emlib/src/em_pcnt.o
 .debug_aranges
                0x000006c0       0x50 ./gecko_sdk_3.0.0/platform/emlib/src/em_prs.o
 .debug_aranges
                0x00000710       0x50 ./gecko_sdk_3.0.0/platform/emlib/src/em_rtc.o
 .debug_aranges
                0x00000760       0x30 ./gecko_sdk_3.0.0/platform/emlib/src/em_system.o
 .debug_aranges
                0x00000790       0x70 ./src/main.o

.debug_ranges   0x00000000      0x798
 .debug_ranges  0x00000000       0x98 ./Drivers/segmentlcd.o
 .debug_ranges  0x00000098       0x18 ./gecko_sdk_3.0.0/platform/Device/SiliconLabs/EFM32GG/Source/GCC/startup_efm32gg.o
 .debug_ranges  0x000000b0       0x58 ./gecko_sdk_3.0.0/platform/Device/SiliconLabs/EFM32GG/Source/system_efm32gg.o
 .debug_ranges  0x00000108       0x20 ./gecko_sdk_3.0.0/platform/common/toolchain/src/sl_memory.o
 .debug_ranges  0x00000128       0x30 ./gecko_sdk_3.0.0/platform/emdrv/gpiointerrupt/src/gpiointerrupt.o
 .debug_ranges  0x00000158       0x48 ./gecko_sdk_3.0.0/platform/emlib/src/em_acmp.o
 .debug_ranges  0x000001a0      0x130 ./gecko_sdk_3.0.0/platform/emlib/src/em_cmu.o
 .debug_ranges  0x000002d0      0x100 ./gecko_sdk_3.0.0/platform/emlib/src/em_core.o
 .debug_ranges  0x000003d0       0xd0 ./gecko_sdk_3.0.0/platform/emlib/src/em_emu.o
 .debug_ranges  0x000004a0       0x38 ./gecko_sdk_3.0.0/platform/emlib/src/em_gpio.o
 .debug_ranges  0x000004d8       0xa8 ./gecko_sdk_3.0.0/platform/emlib/src/em_lcd.o
 .debug_ranges  0x00000580       0xb0 ./gecko_sdk_3.0.0/platform/emlib/src/em_lesense.o
 .debug_ranges  0x00000630       0x68 ./gecko_sdk_3.0.0/platform/emlib/src/em_pcnt.o
 .debug_ranges  0x00000698       0x40 ./gecko_sdk_3.0.0/platform/emlib/src/em_prs.o
 .debug_ranges  0x000006d8       0x40 ./gecko_sdk_3.0.0/platform/emlib/src/em_rtc.o
 .debug_ranges  0x00000718       0x20 ./gecko_sdk_3.0.0/platform/emlib/src/em_system.o
 .debug_ranges  0x00000738       0x60 ./src/main.o

.debug_macro    0x00000000     0x49e8
 .debug_macro   0x00000000      0x43b ./Drivers/segmentlcd.o
 .debug_macro   0x0000043b       0x52 ./Drivers/segmentlcd.o
 .debug_macro   0x0000048d       0x17 ./Drivers/segmentlcd.o
 .debug_macro   0x000004a4       0x55 ./Drivers/segmentlcd.o
 .debug_macro   0x000004f9       0x35 ./Drivers/segmentlcd.o
 .debug_macro   0x0000052e       0x9c ./Drivers/segmentlcd.o
 .debug_macro   0x000005ca       0x16 ./Drivers/segmentlcd.o
 .debug_macro   0x000005e0       0x57 ./Drivers/segmentlcd.o
 .debug_macro   0x00000637       0x97 ./Drivers/segmentlcd.o
 .debug_macro   0x000006ce      0x353 ./Drivers/segmentlcd.o
 .debug_macro   0x00000a21       0xf6 ./Drivers/segmentlcd.o
 .debug_macro   0x00000b17       0x10 ./Drivers/segmentlcd.o
 .debug_macro   0x00000b27       0x58 ./Drivers/segmentlcd.o
 .debug_macro   0x00000b7f       0x1f ./Drivers/segmentlcd.o
 .debug_macro   0x00000b9e       0x43 ./Drivers/segmentlcd.o
 .debug_macro   0x00000be1       0x20 ./Drivers/segmentlcd.o
 .debug_macro   0x00000c01      0x18e ./Drivers/segmentlcd.o
 .debug_macro   0x00000d8f       0x10 ./Drivers/segmentlcd.o
 .debug_macro   0x00000d9f       0xb6 ./Drivers/segmentlcd.o
 .debug_macro   0x00000e55       0x16 ./Drivers/segmentlcd.o
 .debug_macro   0x00000e6b      0x129 ./Drivers/segmentlcd.o
 .debug_macro   0x00000f94       0x16 ./Drivers/segmentlcd.o
 .debug_macro   0x00000faa       0x35 ./Drivers/segmentlcd.o
 .debug_macro   0x00000fdf       0x16 ./Drivers/segmentlcd.o
 .debug_macro   0x00000ff5       0x22 ./Drivers/segmentlcd.o
 .debug_macro   0x00001017       0xbd ./Drivers/segmentlcd.o
 .debug_macro   0x000010d4       0x1d ./Drivers/segmentlcd.o
 .debug_macro   0x000010f1      0x117 ./Drivers/segmentlcd.o
 .debug_macro   0x00001208       0x22 ./Drivers/segmentlcd.o
 .debug_macro   0x0000122a      0x289 ./gecko_sdk_3.0.0/platform/Device/SiliconLabs/EFM32GG/Source/GCC/startup_efm32gg.o
 .debug_macro   0x000014b3      0x297 ./gecko_sdk_3.0.0/platform/Device/SiliconLabs/EFM32GG/Source/system_efm32gg.o
 .debug_macro   0x0000174a       0x92 ./gecko_sdk_3.0.0/platform/common/toolchain/src/sl_memory.o
 .debug_macro   0x000017dc      0x16d ./gecko_sdk_3.0.0/platform/common/toolchain/src/sl_memory.o
 .debug_macro   0x00001949       0x16 ./gecko_sdk_3.0.0/platform/common/toolchain/src/sl_memory.o
 .debug_macro   0x0000195f      0x2ce ./gecko_sdk_3.0.0/platform/emdrv/gpiointerrupt/src/gpiointerrupt.o
 .debug_macro   0x00001c2d       0xbc ./gecko_sdk_3.0.0/platform/emdrv/gpiointerrupt/src/gpiointerrupt.o
 .debug_macro   0x00001ce9       0xba ./gecko_sdk_3.0.0/platform/emdrv/gpiointerrupt/src/gpiointerrupt.o
 .debug_macro   0x00001da3      0x2d1 ./gecko_sdk_3.0.0/platform/emlib/src/em_acmp.o
 .debug_macro   0x00002074       0x12 ./gecko_sdk_3.0.0/platform/emlib/src/em_acmp.o
 .debug_macro   0x00002086      0x370 ./gecko_sdk_3.0.0/platform/emlib/src/em_cmu.o
 .debug_macro   0x000023f6       0x58 ./gecko_sdk_3.0.0/platform/emlib/src/em_cmu.o
 .debug_macro   0x0000244e      0x34d ./gecko_sdk_3.0.0/platform/emlib/src/em_cmu.o
 .debug_macro   0x0000279b       0x25 ./gecko_sdk_3.0.0/platform/emlib/src/em_cmu.o
 .debug_macro   0x000027c0       0xee ./gecko_sdk_3.0.0/platform/emlib/src/em_cmu.o
 .debug_macro   0x000028ae       0x1f ./gecko_sdk_3.0.0/platform/emlib/src/em_cmu.o
 .debug_macro   0x000028cd      0x2c9 ./gecko_sdk_3.0.0/platform/emlib/src/em_core.o
 .debug_macro   0x00002b96       0x6a ./gecko_sdk_3.0.0/platform/emlib/src/em_core.o
 .debug_macro   0x00002c00      0x379 ./gecko_sdk_3.0.0/platform/emlib/src/em_emu.o
 .debug_macro   0x00002f79       0x19 ./gecko_sdk_3.0.0/platform/emlib/src/em_emu.o
 .debug_macro   0x00002f92       0xc0 ./gecko_sdk_3.0.0/platform/emlib/src/em_emu.o
 .debug_macro   0x00003052       0x34 ./gecko_sdk_3.0.0/platform/emlib/src/em_emu.o
 .debug_macro   0x00003086      0x2b0 ./gecko_sdk_3.0.0/platform/emlib/src/em_gpio.o
 .debug_macro   0x00003336      0x2a4 ./gecko_sdk_3.0.0/platform/emlib/src/em_lcd.o
 .debug_macro   0x000035da       0x17 ./gecko_sdk_3.0.0/platform/emlib/src/em_lcd.o
 .debug_macro   0x000035f1      0x2d9 ./gecko_sdk_3.0.0/platform/emlib/src/em_lesense.o
 .debug_macro   0x000038ca       0x5d ./gecko_sdk_3.0.0/platform/emlib/src/em_lesense.o
 .debug_macro   0x00003927      0x2d3 ./gecko_sdk_3.0.0/platform/emlib/src/em_pcnt.o
 .debug_macro   0x00003bfa       0x1d ./gecko_sdk_3.0.0/platform/emlib/src/em_pcnt.o
 .debug_macro   0x00003c17      0x2c0 ./gecko_sdk_3.0.0/platform/emlib/src/em_prs.o
 .debug_macro   0x00003ed7       0x2e ./gecko_sdk_3.0.0/platform/emlib/src/em_prs.o
 .debug_macro   0x00003f05      0x2aa ./gecko_sdk_3.0.0/platform/emlib/src/em_rtc.o
 .debug_macro   0x000041af       0x10 ./gecko_sdk_3.0.0/platform/emlib/src/em_rtc.o
 .debug_macro   0x000041bf      0x29e ./gecko_sdk_3.0.0/platform/emlib/src/em_system.o
 .debug_macro   0x0000445d      0x3aa ./src/main.o
 .debug_macro   0x00004807       0x63 ./src/main.o
 .debug_macro   0x0000486a       0x23 ./src/main.o
 .debug_macro   0x0000488d       0x16 ./src/main.o
 .debug_macro   0x000048a3      0x11d ./src/main.o
 .debug_macro   0x000049c0       0x28 ./src/main.o

.debug_line     0x00000000     0xb2b3
 .debug_line    0x00000000      0xdbb ./Drivers/segmentlcd.o
 .debug_line    0x00000dbb      0x873 ./gecko_sdk_3.0.0/platform/Device/SiliconLabs/EFM32GG/Source/GCC/startup_efm32gg.o
 .debug_line    0x0000162e      0x912 ./gecko_sdk_3.0.0/platform/Device/SiliconLabs/EFM32GG/Source/system_efm32gg.o
 .debug_line    0x00001f40      0x3fb ./gecko_sdk_3.0.0/platform/common/toolchain/src/sl_memory.o
 .debug_line    0x0000233b      0x9f1 ./gecko_sdk_3.0.0/platform/emdrv/gpiointerrupt/src/gpiointerrupt.o
 .debug_line    0x00002d2c      0x97c ./gecko_sdk_3.0.0/platform/emlib/src/em_acmp.o
 .debug_line    0x000036a8     0x11a8 ./gecko_sdk_3.0.0/platform/emlib/src/em_cmu.o
 .debug_line    0x00004850      0xb71 ./gecko_sdk_3.0.0/platform/emlib/src/em_core.o
 .debug_line    0x000053c1      0xc6a ./gecko_sdk_3.0.0/platform/emlib/src/em_emu.o
 .debug_line    0x0000602b      0x97f ./gecko_sdk_3.0.0/platform/emlib/src/em_gpio.o
 .debug_line    0x000069aa      0xada ./gecko_sdk_3.0.0/platform/emlib/src/em_lcd.o
 .debug_line    0x00007484      0xc35 ./gecko_sdk_3.0.0/platform/emlib/src/em_lesense.o
 .debug_line    0x000080b9      0xa72 ./gecko_sdk_3.0.0/platform/emlib/src/em_pcnt.o
 .debug_line    0x00008b2b      0x962 ./gecko_sdk_3.0.0/platform/emlib/src/em_prs.o
 .debug_line    0x0000948d      0x93e ./gecko_sdk_3.0.0/platform/emlib/src/em_rtc.o
 .debug_line    0x00009dcb      0x8e5 ./gecko_sdk_3.0.0/platform/emlib/src/em_system.o
 .debug_line    0x0000a6b0      0xc03 ./src/main.o

.debug_str      0x00000000    0xe1a1e
 .debug_str     0x00000000    0xdaba7 ./Drivers/segmentlcd.o
                              0xdb2f6 (size before relaxing)
 .debug_str     0x000daba7      0x18d ./gecko_sdk_3.0.0/platform/Device/SiliconLabs/EFM32GG/Source/GCC/startup_efm32gg.o
                              0xd2d05 (size before relaxing)
 .debug_str     0x000dad34      0x2c6 ./gecko_sdk_3.0.0/platform/Device/SiliconLabs/EFM32GG/Source/system_efm32gg.o
                              0xd2f36 (size before relaxing)
 .debug_str     0x000daffa      0x15e ./gecko_sdk_3.0.0/platform/common/toolchain/src/sl_memory.o
                               0x3fe1 (size before relaxing)
 .debug_str     0x000db158      0xad2 ./gecko_sdk_3.0.0/platform/emdrv/gpiointerrupt/src/gpiointerrupt.o
                              0xd4048 (size before relaxing)
 .debug_str     0x000dbc2a      0x641 ./gecko_sdk_3.0.0/platform/emlib/src/em_acmp.o
                              0xd38b2 (size before relaxing)
 .debug_str     0x000dc26b      0xf47 ./gecko_sdk_3.0.0/platform/emlib/src/em_cmu.o
                              0xd6e69 (size before relaxing)
 .debug_str     0x000dd1b2      0x3a2 ./gecko_sdk_3.0.0/platform/emlib/src/em_core.o
                              0xd3b83 (size before relaxing)
 .debug_str     0x000dd554      0x704 ./gecko_sdk_3.0.0/platform/emlib/src/em_emu.o
                              0xd7015 (size before relaxing)
 .debug_str     0x000ddc58      0x3e8 ./gecko_sdk_3.0.0/platform/emlib/src/em_gpio.o
                              0xd375a (size before relaxing)
 .debug_str     0x000de040      0x348 ./gecko_sdk_3.0.0/platform/emlib/src/em_lcd.o
                              0xd33c0 (size before relaxing)
 .debug_str     0x000de388     0x1ebd ./gecko_sdk_3.0.0/platform/emlib/src/em_lesense.o
                              0xd61f1 (size before relaxing)
 .debug_str     0x000e0245      0x464 ./gecko_sdk_3.0.0/platform/emlib/src/em_pcnt.o
                              0xd4536 (size before relaxing)
 .debug_str     0x000e06a9      0x67b ./gecko_sdk_3.0.0/platform/emlib/src/em_prs.o
                              0xd3bc9 (size before relaxing)
 .debug_str     0x000e0d24      0x174 ./gecko_sdk_3.0.0/platform/emlib/src/em_rtc.o
                              0xd2d6e (size before relaxing)
 .debug_str     0x000e0e98      0x1c6 ./gecko_sdk_3.0.0/platform/emlib/src/em_system.o
                              0xd30b8 (size before relaxing)
 .debug_str     0x000e105e      0x9c0 ./src/main.o
                              0xdb0ad (size before relaxing)

.debug_frame    0x00000000     0x12ac
 .debug_frame   0x00000000      0x214 ./Drivers/segmentlcd.o
 .debug_frame   0x00000214       0x38 ./gecko_sdk_3.0.0/platform/Device/SiliconLabs/EFM32GG/Source/GCC/startup_efm32gg.o
 .debug_frame   0x0000024c       0xc8 ./gecko_sdk_3.0.0/platform/Device/SiliconLabs/EFM32GG/Source/system_efm32gg.o
 .debug_frame   0x00000314       0x40 ./gecko_sdk_3.0.0/platform/common/toolchain/src/sl_memory.o
 .debug_frame   0x00000354       0x84 ./gecko_sdk_3.0.0/platform/emdrv/gpiointerrupt/src/gpiointerrupt.o
 .debug_frame   0x000003d8       0xb4 ./gecko_sdk_3.0.0/platform/emlib/src/em_acmp.o
 .debug_frame   0x0000048c      0x2f4 ./gecko_sdk_3.0.0/platform/emlib/src/em_cmu.o
 .debug_frame   0x00000780      0x204 ./gecko_sdk_3.0.0/platform/emlib/src/em_core.o
 .debug_frame   0x00000984      0x1ac ./gecko_sdk_3.0.0/platform/emlib/src/em_emu.o
 .debug_frame   0x00000b30       0xa4 ./gecko_sdk_3.0.0/platform/emlib/src/em_gpio.o
 .debug_frame   0x00000bd4      0x108 ./gecko_sdk_3.0.0/platform/emlib/src/em_lcd.o
 .debug_frame   0x00000cdc      0x1dc ./gecko_sdk_3.0.0/platform/emlib/src/em_lesense.o
 .debug_frame   0x00000eb8       0xcc ./gecko_sdk_3.0.0/platform/emlib/src/em_pcnt.o
 .debug_frame   0x00000f84       0xa0 ./gecko_sdk_3.0.0/platform/emlib/src/em_prs.o
 .debug_frame   0x00001024       0x88 ./gecko_sdk_3.0.0/platform/emlib/src/em_rtc.o
 .debug_frame   0x000010ac       0x40 ./gecko_sdk_3.0.0/platform/emlib/src/em_system.o
 .debug_frame   0x000010ec      0x10c ./src/main.o
 .debug_frame   0x000011f8       0x20 c:/siliconlabs/simplicitystudio/v5/developer/toolchains/gnu_arm/7.2_2017q4/bin/../lib/gcc/arm-none-eabi/7.2.1/../../../../arm-none-eabi/lib/thumb/v7-m\libc_nano.a(lib_a-abs.o)
 .debug_frame   0x00001218       0x28 c:/siliconlabs/simplicitystudio/v5/developer/toolchains/gnu_arm/7.2_2017q4/bin/../lib/gcc/arm-none-eabi/7.2.1/../../../../arm-none-eabi/lib/thumb/v7-m\libc_nano.a(lib_a-exit.o)
 .debug_frame   0x00001240       0x2c c:/siliconlabs/simplicitystudio/v5/developer/toolchains/gnu_arm/7.2_2017q4/bin/../lib/gcc/arm-none-eabi/7.2.1/../../../../arm-none-eabi/lib/thumb/v7-m\libc_nano.a(lib_a-init.o)
 .debug_frame   0x0000126c       0x20 c:/siliconlabs/simplicitystudio/v5/developer/toolchains/gnu_arm/7.2_2017q4/bin/../lib/gcc/arm-none-eabi/7.2.1/../../../../arm-none-eabi/lib/thumb/v7-m\libc_nano.a(lib_a-memset.o)
 .debug_frame   0x0000128c       0x20 c:/siliconlabs/simplicitystudio/v5/developer/toolchains/gnu_arm/7.2_2017q4/bin/../lib/gcc/arm-none-eabi/7.2.1/../../../../arm-none-eabi/lib/thumb/v7-m\libnosys.a(_exit.o)
